MIP frozen_tail has 142 rows; 2338 cols; 9949 nonzeros; 2338 integer variables (2338 binary)
Coefficient ranges:
  Matrix  [1e+00, 1e+00]
  Cost    [1e+00, 1e+02]
  Bound   [1e+00, 1e+00]
  RHS     [1e+00, 1e+00]
Presolving model
142 rows, 2338 cols, 9949 nonzeros 0s
142 rows, 2338 cols, 9241 nonzeros 0s
Presolve reductions: rows 142(-0); columns 2338(-0); nonzeros 9241(-708) 
Objective function is integral with scale 1

Solving MIP model with:
   142 rows
   2338 cols (2338 binary, 0 integer, 0 implied int., 0 continuous, 0 domain fixed)
   9241 nonzeros
   Thread count 1 (of 18 threads). Using 1 max workers. Parallel search off

Src: B => Branching; C => Central rounding; F => Feasibility pump; H => Heuristic;
     I => Shifting; J => Feasibility jump; L => Sub-MIP; P => Empty MIP; R => Randomized rounding;
     S => Solve LP; T => Evaluate node; U => Unbounded; X => User solution; Y => HiGHS solution;
     Z => ZI Round; l => Trivial lower; p => Trivial point; u => Trivial upper; z => Trivial zero

        Nodes      |    B&B Tree     |            Objective Bounds              |  Dynamic Constraints |       Work      
Src  Proc. InQueue |  Leaves   Expl. | BestBound       BestSol              Gap |   Cuts   InLp Confl. | LpIters     Time

 J       0       0         0   0.00%   -inf            6802               Large        0      0      0         0     0.1s
 T       0       0         0   0.00%   0               2530             100.00%        0      0      0       558     0.2s
         1       0         1 100.00%   2530            2530               0.00%        0      0      0       558     0.2s

Solving report
  Model             frozen_tail
  Status            Optimal
  Primal bound      2530
  Dual bound        2530
  Gap               0%
  P-D integral      0.0289325714111
  Solution status   feasible
                    2530 (objective)
                    0 (bound viol.)
                    0 (int. viol.)
                    0 (row viol.)
  Timing            0.15
                    0.09 (Presolve)
                    0.07 (Solve)
                    0.00 (Postsolve)
  Max sub-MIP depth 0
  Nodes             1
  Repair LPs        0
  LP iterations     558
                    0 (strong br.)
                    0 (separation)
                    0 (heuristics)
