{"retained_argv": ["/usr/bin/python3", "<source>/existing/dsjc1000/solve_conditional_lp.py", "--sets", "<run>/jobs/dsjc1000.reconstruct/attempt-001/out/sets", "--scenario", "110", "--out-root", "<run>/jobs/dsjc1000.lp.110/attempt-001/out", "--time-limit", "0"]}
{"stage": "built", "scenario": "110", "k": 2, "eligible_sets": 250016, "variables": 252271, "constraints": 993, "nnz": 1482237, "constant": 18}
Running HiGHS 1.8.0 (git hash: 222cce7): Copyright (c) 2024 HiGHS under MIT licence terms
Coefficient ranges:
  Matrix [1e+00, 1e+00]
  Cost   [3e+00, 1e+03]
  Bound  [1e+00, 1e+00]
  RHS    [1e+00, 1e+00]
Presolving model
993 rows, 252271 cols, 1482237 nonzeros  0s
993 rows, 252271 cols, 1482237 nonzeros  0s
Presolve : Reductions: rows 993(-0); columns 252271(-0); elements 1482237(-0) - Not reduced
Problem not reduced by presolve: solving the LP
Using EKK dual simplex solver - serial
  Iteration        Objective     Infeasibilities num(sum)
          0     0.0000000000e+00 Pr: 988(988) 1s
       3157     2.9140729043e+03 Pr: 186(6457.82) 6s
       4344     3.4943333402e+03 Pr: 252(66091.4) 11s
       5850     4.5778904597e+03 Pr: 206(6528.28) 16s
       7026     5.1352006921e+03 Pr: 231(46749.1) 21s
       8072     1.0008485739e+05 Pr: 238(7.72417e+06); Du: 0(7.98129e-10) 27s
       9095     1.0008533713e+05 Pr: 227(972652); Du: 0(7.981e-10) 32s
      10066     1.0008541341e+05 Pr: 233(519166) 38s
      10988     1.0008542411e+05 Pr: 249(80554) 43s
      12139     1.0008542498e+05 Pr: 217(203150) 48s
      13429     1.0008542526e+05 Pr: 244(59619) 53s
      14583     1.0008542542e+05 Pr: 256(76328.5) 58s
      15718     1.0008542559e+05 Pr: 267(255094); Du: 0(3.46518e-10) 63s
      17085     1.0008542570e+05 Pr: 288(163704) 68s
      18097     1.0008542576e+05 Pr: 299(1.12485e+06) 73s
      19270     1.0008542579e+05 Pr: 366(56390.1); Du: 0(5.04777e-11) 78s
      20361     1.0008542580e+05 Pr: 332(9264.8) 84s
      21381     1.0008542581e+05 Pr: 307(5714.84); Du: 0(7.12008e-10) 89s
      22291     1.0008542583e+05 Pr: 290(169308) 94s
      23420     1.0008542585e+05 Pr: 342(2.48084e+06) 99s
      24483     1.0008542587e+05 Pr: 346(112357) 104s
      25566     1.0008542589e+05 Pr: 276(160158); Du: 0(5.37405e-11) 109s
      26848     1.0008542592e+05 Pr: 244(112374); Du: 0(2.28394e-10) 114s
      27896     1.0008542593e+05 Pr: 361(484369); Du: 0(1.07216e-09) 120s
      28932     1.0008542594e+05 Pr: 338(37265.7); Du: 0(9.33164e-10) 125s
      29861     1.0008542595e+05 Pr: 302(4210.58); Du: 0(1.10519e-09) 130s
      30814     1.0008542595e+05 Pr: 321(53423.7); Du: 0(7.86144e-10) 135s
      31704     1.0008542596e+05 Pr: 356(41428.9) 141s
      32541     1.0008542596e+05 Pr: 275(8697.83); Du: 0(7.82443e-10) 146s
      33376     1.0008542596e+05 Pr: 255(38801.3) 151s
      34188     1.0008542597e+05 Pr: 348(69346.1) 156s
      35069     1.0008542597e+05 Pr: 337(14988.4) 161s
      35931     1.0008542598e+05 Pr: 382(31125.5) 166s
      36832     1.0008542599e+05 Pr: 317(14024.4) 172s
      37702     1.0008542599e+05 Pr: 357(68627.1) 177s
      38586     1.0008542600e+05 Pr: 346(60571.4) 182s
      39510     1.0008542600e+05 Pr: 340(627767) 188s
      40491     1.0008542601e+05 Pr: 268(10880.3); Du: 0(6.26456e-10) 193s
      41396     1.0008542601e+05 Pr: 398(158470); Du: 0(2.36242e-10) 198s
      42255     1.0008542602e+05 Pr: 377(498159) 203s
      43231     1.0008542603e+05 Pr: 336(9531.85) 209s
      44135     1.0008542603e+05 Pr: 407(64006.4) 214s
      45013     1.0008542604e+05 Pr: 349(37434.8); Du: 0(8.18583e-10) 219s
      45928     1.0008542605e+05 Pr: 375(282300); Du: 0(1.47613e-10) 224s
      46820     1.0008542605e+05 Pr: 403(27175.8); Du: 0(6.37706e-10) 229s
      47639     1.0008542605e+05 Pr: 376(951823) 234s
      48482     1.0008542606e+05 Pr: 372(25264.3); Du: 0(9.84668e-10) 240s
      49350     1.0008542607e+05 Pr: 371(80610.9) 245s
      50363     1.0008542607e+05 Pr: 301(24337.2); Du: 0(1.06849e-10) 250s
      51382     1.0008542609e+05 Pr: 332(40830.4); Du: 0(2.19825e-11) 256s
      52352     1.0008542609e+05 Pr: 374(36269.6) 261s
      53320     1.0008542610e+05 Pr: 296(13866.3) 266s
      54330     1.0008542611e+05 Pr: 396(166978) 271s
      55179     1.0008542611e+05 Pr: 356(3817.69); Du: 0(6.30155e-10) 277s
      56025     1.0008542611e+05 Pr: 423(93150.5) 282s
      56865     1.0008542611e+05 Pr: 299(2957.97); Du: 0(9.44163e-10) 287s
      57623     1.0008542612e+05 Pr: 423(41284.8); Du: 0(2.40787e-10) 292s
      58461     1.0008542612e+05 Pr: 310(9570.05) 298s
      59373     1.0008542613e+05 Pr: 362(10924.9) 303s
      60305     1.0008542613e+05 Pr: 305(103169) 308s
      61218     1.0008542613e+05 Pr: 426(229711) 314s
      62090     1.0008542614e+05 Pr: 363(206217) 319s
      62976     1.0008542614e+05 Pr: 417(264633) 324s
      63831     1.0008542614e+05 Pr: 283(40885.4) 329s
      64745     1.0008542614e+05 Pr: 340(39463.2) 335s
      65613     1.0008542615e+05 Pr: 368(27192.6) 340s
      66598     1.0008542616e+05 Pr: 418(929883); Du: 0(2.31129e-10) 345s
      67443     1.0008542617e+05 Pr: 405(67715.8) 350s
      68426     1.0008542618e+05 Pr: 309(70651.4) 355s
      69454     1.0008542618e+05 Pr: 277(25385.8) 361s
      70319     1.0008542619e+05 Pr: 349(74214); Du: 0(8.23474e-10) 366s
      71221     1.0008542619e+05 Pr: 360(37285.2) 371s
      72132     1.0008542620e+05 Pr: 327(503006) 376s
      73005     1.0008542620e+05 Pr: 371(7425.39) 382s
      73908     1.0008542621e+05 Pr: 291(12365) 387s
      74830     1.0008542621e+05 Pr: 375(36181.8); Du: 0(5.76056e-10) 393s
      75685     1.0008542622e+05 Pr: 444(40274.3) 398s
      76587     1.0008542623e+05 Pr: 387(27449); Du: 0(8.55725e-11) 403s
      77484     1.0008542623e+05 Pr: 361(20984.1) 409s
      78341     1.0008542624e+05 Pr: 403(108046); Du: 0(1.84951e-10) 414s
      79280     1.0008542624e+05 Pr: 414(35912.9) 419s
      80248     1.0008542625e+05 Pr: 422(79558.9) 425s
      81118     1.0008542625e+05 Pr: 283(34281.5) 430s
      82064     1.0008542626e+05 Pr: 434(148428); Du: 0(6.54805e-11) 435s
      82926     1.0008542626e+05 Pr: 331(28291.1) 440s
      83771     1.0008542626e+05 Pr: 232(58729.2); Du: 0(1.23838e-12) 445s
      84672     1.0008542627e+05 Pr: 274(91509) 451s
      85510     1.0008542628e+05 Pr: 327(15495.7) 456s
      86440     1.0008542628e+05 Pr: 385(12944.6) 461s
      87341     1.0008542629e+05 Pr: 426(26366.1); Du: 0(2.63463e-12) 466s
      88221     1.0008542630e+05 Pr: 442(354558) 472s
      89177     1.0008542630e+05 Pr: 323(8089.7) 477s
      90029     1.0008542631e+05 Pr: 416(24809.8); Du: 0(1.97377e-10) 482s
      90946     1.0008542631e+05 Pr: 333(47026.6) 487s
      91879     1.0008542632e+05 Pr: 321(30204.9); Du: 0(3.22418e-10) 493s
      92730     1.0008542632e+05 Pr: 397(82094.5) 498s
      93635     1.0008542634e+05 Pr: 335(26365.1) 503s
      94612     1.0008542636e+05 Pr: 452(222900); Du: 0(4.89815e-10) 508s
      95793     1.0008542660e+05 Pr: 357(2.58334e+06); Du: 0(4.90497e-10) 514s
      97179     1.0164426875e+05 Pr: 335(21891) 519s
      98158     1.0179132867e+05 Pr: 281(21741.5); Du: 0(2.52483e-10) 524s
      99079     1.0183126889e+05 Pr: 255(69608.9) 529s
     100054     1.0187010482e+05 Pr: 147(1243.5) 534s
     100921     1.0190082870e+05 Pr: 263(2958.74); Du: 0(8.20938e-10) 539s
     101837     1.0193977171e+05 Pr: 256(2693.8) 545s
     102762     1.0194426503e+05 Pr: 144(4803.77) 550s
     103597     1.0197132301e+05 Pr: 396(24803.1) 556s
     104517     1.0199896121e+05 Pr: 300(41389.1) 561s
     105439     1.0202015005e+05 Pr: 205(1948.13); Du: 0(4.26693e-10) 566s
     106319     1.0202827535e+05 Pr: 152(686.18) 572s
     107262     1.0209188779e+05 Pr: 380(3583.07) 578s
     108160     1.0212966401e+05 Pr: 368(71812.7) 583s
     108976     1.0214565698e+05 Pr: 263(722.537) 588s
     109795     1.0216587911e+05 Pr: 256(1519.31) 593s
     110631     1.0217740197e+05 Pr: 252(13578.1) 598s
     111465     1.0219726290e+05 Pr: 162(2937.55) 603s
     112342     1.0220200981e+05 Pr: 138(21089) 609s
     113213     1.0222793695e+05 Pr: 408(7134.4) 614s
     114147     1.0227305801e+05 Pr: 155(5105.85) 620s
     115024     1.0228968268e+05 Pr: 194(1750.13) 625s
     115890     1.0229655417e+05 Pr: 161(4571.03) 631s
     116685     1.0229657789e+05 Pr: 153(852.308) 636s
     117549     1.0231269073e+05 Pr: 264(1723.59) 641s
     118350     1.0231402217e+05 Pr: 145(828.43) 647s
     119206     1.0233272204e+05 Pr: 220(5002.24); Du: 0(5.84217e-12) 652s
     120122     1.0233674118e+05 Pr: 138(592.153) 658s
     120912     1.0233674118e+05 Pr: 116(1058.67) 663s
     121717     1.0233796837e+05 Pr: 165(793.694) 668s
     122530     1.0234417849e+05 Pr: 220(3443.6) 673s
     123375     1.0236819626e+05 Pr: 192(1503.73); Du: 0(2.13247e-11) 679s
     124221     1.0237044879e+05 Pr: 162(575.941) 684s
     125053     1.0237188349e+05 Pr: 174(4573.29) 690s
     125879     1.0237988473e+05 Pr: 167(2953.23) 695s
     126678     1.0239497270e+05 Pr: 256(9924.34) 700s
     127543     1.0239672819e+05 Pr: 258(954.117) 706s
     128414     1.0239763993e+05 Pr: 169(950.376) 712s
     129141     1.0239766706e+05 Pr: 162(1844.84) 717s
     129899     1.0239766707e+05 Pr: 177(2967.46) 722s
     130754     1.0239780712e+05 Pr: 164(2793.04) 728s
     131593     1.0239780713e+05 Pr: 154(965.171) 734s
     132330     1.0239780715e+05 Pr: 160(681.912) 739s
     133065     1.0239818156e+05 Pr: 182(1289.93) 744s
     133868     1.0239821311e+05 Pr: 169(4226.77) 749s
     134697     1.0239821314e+05 Pr: 173(6269.55) 755s
     135474     1.0239821334e+05 Pr: 174(58124) 760s
     136227     1.0240042567e+05 Pr: 188(852.196) 765s
     137045     1.0240197183e+05 Pr: 219(688.495) 771s
     137785     1.0240299113e+05 Pr: 179(299.076) 776s
     138615     1.0240454980e+05 Pr: 181(797.361) 782s
     139339     1.0240547772e+05 Pr: 183(404.352) 787s
     140084     1.0240738504e+05 Pr: 178(271.887) 792s
     140835     1.0240860808e+05 Pr: 197(2651.01) 797s
     141630     1.0240967549e+05 Pr: 165(143.995) 803s
     142428     1.0241085844e+05 Pr: 207(1793.84) 808s
     143228     1.0241249897e+05 Pr: 272(1715.56) 814s
     144047     1.0241369952e+05 Pr: 222(1228.88) 820s
     144773     1.0241466862e+05 Pr: 241(462.92) 825s
     145508     1.0241548877e+05 Pr: 203(118.814) 830s
     146233     1.0241637611e+05 Pr: 213(128.874) 835s
     146933     1.0241714775e+05 Pr: 211(121.883) 840s
     147653     1.0241772980e+05 Pr: 223(497.061) 845s
     148365     1.0241855737e+05 Pr: 199(219.562) 850s
     149076     1.0241936832e+05 Pr: 196(134.486) 855s
     149795     1.0241986707e+05 Pr: 195(271.906) 860s
     150554     1.0242052252e+05 Pr: 198(119.095) 866s
     151288     1.0242124141e+05 Pr: 147(29.1503) 871s
     152010     1.0242202959e+05 Pr: 231(827.557) 876s
     152767     1.0242281973e+05 Pr: 243(155.381) 881s
     153512     1.0242359073e+05 Pr: 273(330.105) 886s
     154245     1.0242423275e+05 Pr: 109(16.1267) 892s
     155010     1.0242482910e+05 Pr: 183(37.1412) 897s
     155797     1.0242543127e+05 Pr: 170(33.6564) 903s
     156603     1.0242565476e+05 Pr: 41(0.931053) 909s
     156616     1.0242521755e+05 Pr: 0(0) 909s
Model status        : Optimal
Simplex   iterations: 156616
Objective value     :  1.0242521755e+05
Relative P-D gap    :  2.8414711878e-16
HiGHS run time      :        908.69
{"numerical_runtime": {"python": "3.10.12 (main, Aug 31 2026, 10:18:17) [GCC 11.4.0]", "numpy": "1.26.4", "scipy": "1.15.3", "HiGHS_version": "1.8.0", "actual_HiGHS_threads": 1, "post_solve_tid_affinities": {"761339": [6]}, "worker_tid_limit": 1, "actual_native_limits": {"threads": 1, "time_limit": "infinity", "mip_max_nodes": 2147483647, "simplex_iteration_limit": 2147483647, "ipm_iteration_limit": 2147483647}}}
FINAL {
  "schema": "dsjc1000_conditional_lp_numerical_v1",
  "scenario": "110",
  "selected_top_classes": [
    [
      52,
      54,
      175,
      319,
      501,
      704
    ],
    [
      76,
      145,
      184,
      672,
      793,
      805
    ]
  ],
  "k": 2,
  "residual_vertices": 988,
  "eligible_sets": 250016,
  "variables": 252271,
  "constraints": 993,
  "nonzeros": 1482237,
  "constant": 18,
  "status": 0,
  "success": true,
  "message": "Optimization terminated successfully. (HiGHS Status 7: Optimal)",
  "variable_objective": 102425.2175488451,
  "total_objective": 102443.2175488451,
  "iterations": 156616,
  "timing_seconds": {
    "load_filter": 0.4560477891936898,
    "build": 0.7333599287085235,
    "solve": 909.7631819350645,
    "total": 910.9525896529667
  },
  "peak_rss_kib": 511768,
  "scipy": "1.15.3",
  "q_residual_by_threshold": [
    216.00000000000023,
    214.71625552390915,
    213.00000000000034,
    207.61055799972374,
    136.6731864763654
  ],
  "x_positive": 977
}
