{"retained_argv": ["/usr/bin/python3", "<source>/existing/dsjc500/baseline/find_farkas.py", "--graph", "<source>/input/graphs/DSJC500.9.col", "--packing", "6", "--out", "<run>/jobs/dsjc500.farkas.P6/attempt-002/out/farkas101_7_P6.json"]}
{"numerical_runtime": {"python": "3.10.12 (main, Aug 31 2026, 10:18:17) [GCC 11.4.0]", "numpy": "1.26.4", "scipy": "1.15.3", "HiGHS_version": "1.8.0", "actual_HiGHS_threads": 1, "post_solve_tid_affinities": {"732882": [6]}, "worker_tid_limit": 1, "actual_native_limits": {"threads": 1, "time_limit": "infinity", "mip_max_nodes": 2147483647, "simplex_iteration_limit": 2147483647, "ipm_iteration_limit": 2147483647}}}
{
  "packing": 6,
  "status": 0,
  "message": "Optimization terminated successfully. (HiGHS Status 7: Optimal)",
  "seconds": 1.4917951938696206,
  "bt": -1.0000000000005953,
  "min_aty": -2.0797252808790745e-13,
  "nonzero": 411,
  "distinct_values": [
    -0.924001988562,
    -0.904043717337,
    -0.883950694141,
    -0.873420615174,
    -0.860218950746,
    -0.835876095975,
    -0.778345759609,
    -0.74439825216,
    -0.680223189959,
    -0.667033169374,
    -0.648159521523,
    -0.614568462093,
    -0.543925396749,
    -0.535815845321,
    -0.531829978565,
    -0.505179098368,
    -0.448203149736,
    -0.439353749451,
    -0.429801350989,
    -0.409745196656,
    -0.409682034235,
    -0.390430461626,
    -0.380877891858,
    -0.380242587606,
    -0.3769047078,
    -0.372759153365,
    -0.341976134885,
    -0.340813272769,
    -0.318184744498,
    -0.316319989093,
    -0.309509329898,
    -0.306521809164,
    -0.298735293202,
    -0.291439131402,
    -0.281032343553,
    -0.278140084128,
    -0.27779250847,
    -0.274753793628,
    -0.269095581494,
    -0.268703340561,
    -0.256908649412,
    -0.255383658724,
    -0.246326945287,
    -0.244374443574,
    -0.242313691005,
    -0.240872219471,
    -0.240530055655,
    -0.23935492763,
    -0.232108031234,
    -0.229575475696,
    -0.226858227861,
    -0.218735326413,
    -0.216824336237,
    -0.210020995244,
    -0.207742765577,
    -0.205704331598,
    -0.203067230355,
    -0.202552547874,
    -0.202187238327,
    -0.194930353368,
    -0.193961070657,
    -0.193303229304,
    -0.192690771169,
    -0.188362850839,
    -0.184911357672,
    -0.178006479326,
    -0.171672404462,
    -0.169111527714,
    -0.166747618597,
    -0.164315217302,
    -0.161879565007,
    -0.161729061083,
    -0.158841864524,
    -0.157940649308,
    -0.156124616688,
    -0.151422637387,
    -0.146871590885,
    -0.144114025044,
    -0.141640109007,
    -0.140772606019,
    -0.139676975397,
    -0.13868916356,
    -0.138210301954,
    -0.136624422792,
    -0.135034831158,
    -0.130186772408,
    -0.127635350583,
    -0.127511911005,
    -0.127136445876,
    -0.125697957728,
    -0.12429419101,
    -0.124020833705,
    -0.123090630935,
    -0.120939602058,
    -0.119775555004,
    -0.119362929066,
    -0.117857769417,
    -0.116671447299,
    -0.116598544343,
    -0.116229734532
  ],
  "max_abs": 1.0659232823437608,
  "cert_found": true,
  "cert_bt": -31
}
