{"retained_argv": ["/usr/bin/python3", "<source>/existing/dsjc1000/solve_conditional_lp.py", "--sets", "<run>/jobs/dsjc1000.reconstruct/attempt-001/out/sets", "--scenario", "100", "--out-root", "<run>/jobs/dsjc1000.lp.100/attempt-001/out", "--time-limit", "0"]}
{"stage": "built", "scenario": "100", "k": 1, "eligible_sets": 255026, "variables": 257294, "constraints": 999, "nnz": 1513494, "constant": 6}
Running HiGHS 1.8.0 (git hash: 222cce7): Copyright (c) 2024 HiGHS under MIT licence terms
Coefficient ranges:
  Matrix [1e+00, 1e+00]
  Cost   [2e+00, 1e+03]
  Bound  [1e+00, 1e+00]
  RHS    [1e+00, 1e+00]
Presolving model
999 rows, 257294 cols, 1513494 nonzeros  0s
999 rows, 257294 cols, 1513494 nonzeros  0s
Presolve : Reductions: rows 999(-0); columns 257294(-0); elements 1513494(-0) - Not reduced
Problem not reduced by presolve: solving the LP
Using EKK dual simplex solver - serial
  Iteration        Objective     Infeasibilities num(sum)
          0     0.0000000000e+00 Pr: 994(994) 1s
       3034     2.0140099837e+03 Pr: 219(16169); Du: 0(7.46375e-10) 6s
       4695     3.1195147637e+03 Pr: 210(12637) 11s
       6366     4.9820225361e+03 Pr: 186(13958.3); Du: 0(6.58909e-10) 17s
       7492     1.0029504598e+05 Pr: 219(3.8118e+06); Du: 0(7.47927e-10) 22s
       8475     1.0029528857e+05 Pr: 270(2.49897e+07) 27s
       9356     1.0029537950e+05 Pr: 282(1.38279e+07); Du: 0(8.03156e-10) 32s
      10382     1.0029540057e+05 Pr: 242(4.47916e+06); Du: 0(5.36801e-11) 37s
      11444     1.0029541228e+05 Pr: 225(417334) 43s
      12403     1.0029541781e+05 Pr: 277(842930) 48s
      13424     1.0029542123e+05 Pr: 303(3.38189e+06) 53s
      14390     1.0029542283e+05 Pr: 246(262126) 58s
      15483     1.0029542374e+05 Pr: 277(741073) 64s
      16504     1.0029542442e+05 Pr: 238(33954.5) 69s
      17526     1.0029542511e+05 Pr: 271(130975); Du: 0(9.777e-10) 74s
      18578     1.0029542543e+05 Pr: 259(482122); Du: 0(9.82069e-10) 79s
      19654     1.0029542564e+05 Pr: 201(904201); Du: 0(9.777e-10) 84s
      20737     1.0029542581e+05 Pr: 262(2.73374e+06); Du: 0(9.77757e-10) 90s
      21802     1.0029542593e+05 Pr: 316(379125); Du: 0(9.77757e-10) 95s
      22910     1.0029542599e+05 Pr: 229(282462); Du: 0(1.48387e-09) 100s
      23909     1.0029542602e+05 Pr: 323(1.72717e+06); Du: 0(9.77529e-10) 105s
      25012     1.0029542609e+05 Pr: 311(437368); Du: 0(9.77814e-10) 110s
      26077     1.0029542617e+05 Pr: 266(289604); Du: 0(9.77473e-10) 115s
      27234     1.0029542622e+05 Pr: 277(88268.3); Du: 0(9.77473e-10) 120s
      28329     1.0029542625e+05 Pr: 343(515948); Du: 0(9.77359e-10) 126s
      29475     1.0029542627e+05 Pr: 300(73191); Du: 0(9.77814e-10) 131s
      30512     1.0029542634e+05 Pr: 290(28869); Du: 0(1.84608e-09) 136s
      31586     1.0029542637e+05 Pr: 339(127968); Du: 0(9.77473e-10) 141s
      32692     1.0029542639e+05 Pr: 297(53373) 147s
      33722     1.0029542641e+05 Pr: 332(54178.9); Du: 0(3.45657e-13) 152s
      34713     1.0029542643e+05 Pr: 330(40942.8); Du: 0(7.99116e-10) 157s
      35665     1.0029542644e+05 Pr: 322(51500.4) 162s
      36626     1.0029542646e+05 Pr: 307(259938) 168s
      37600     1.0029542648e+05 Pr: 317(37199.2) 173s
      38625     1.0029542650e+05 Pr: 341(50195.1) 178s
      39599     1.0029542651e+05 Pr: 364(159717) 183s
      40566     1.0029542652e+05 Pr: 313(309247); Du: 0(4.06823e-10) 189s
      41576     1.0029542654e+05 Pr: 254(76519.9) 194s
      42641     1.0029542655e+05 Pr: 299(105680); Du: 0(9.55797e-10) 199s
      43647     1.0029542655e+05 Pr: 264(7780.56); Du: 0(1.28662e-09) 204s
      44605     1.0029542656e+05 Pr: 338(424311); Du: 0(1.22895e-09) 210s
      45606     1.0029542656e+05 Pr: 278(6724.18) 215s
      46465     1.0029542656e+05 Pr: 349(88361.6) 220s
      47324     1.0029542657e+05 Pr: 268(17303.2); Du: 0(2.50622e-10) 225s
      48104     1.0029542657e+05 Pr: 347(147810); Du: 0(8.20286e-10) 230s
      49002     1.0029542658e+05 Pr: 346(41098.9); Du: 0(6.49967e-10) 236s
      49874     1.0029542659e+05 Pr: 308(26306.1); Du: 0(7.78443e-10) 241s
      50935     1.0029542660e+05 Pr: 335(291600) 246s
      52006     1.0029542660e+05 Pr: 336(595829) 252s
      52850     1.0029542661e+05 Pr: 341(460893) 257s
      53651     1.0029542661e+05 Pr: 326(36167.6); Du: 0(9.57536e-10) 262s
      54511     1.0029542662e+05 Pr: 346(25045.9) 267s
      55362     1.0029542662e+05 Pr: 323(11902.3); Du: 0(6.4564e-10) 272s
      56359     1.0029542663e+05 Pr: 350(52452.9) 278s
      57193     1.0029542663e+05 Pr: 342(7675.69) 283s
      58043     1.0029542664e+05 Pr: 314(11417.3) 288s
      59070     1.0029542665e+05 Pr: 319(91373.9) 293s
      60027     1.0029542665e+05 Pr: 374(234188) 298s
      60948     1.0029542666e+05 Pr: 404(160050) 303s
      61785     1.0029542666e+05 Pr: 295(9614.06); Du: 0(8.44681e-10) 308s
      62629     1.0029542666e+05 Pr: 283(12550.6); Du: 0(9.7988e-10) 314s
      63532     1.0029542667e+05 Pr: 380(1.56916e+06) 319s
      64375     1.0029542667e+05 Pr: 287(13034); Du: 0(1.62258e-09) 324s
      65215     1.0029542667e+05 Pr: 282(8963.75) 329s
      66071     1.0029542668e+05 Pr: 364(24648.6); Du: 0(1.17448e-09) 335s
      66940     1.0029542668e+05 Pr: 388(27692.1); Du: 0(9.63066e-10) 340s
      67898     1.0029542668e+05 Pr: 361(40241.9); Du: 0(6.11019e-10) 345s
      68834     1.0029542669e+05 Pr: 367(106510) 350s
      69738     1.0029542669e+05 Pr: 326(6106.52) 356s
      70542     1.0029542669e+05 Pr: 361(12145.6) 361s
      71281     1.0029542669e+05 Pr: 330(7498.84) 366s
      72104     1.0029542669e+05 Pr: 278(6080.83); Du: 0(1.37455e-09) 371s
      72930     1.0029542669e+05 Pr: 355(10642.7); Du: 0(8.67242e-10) 376s
      73737     1.0029542670e+05 Pr: 355(6492.62); Du: 0(6.55769e-10) 382s
      74584     1.0029542670e+05 Pr: 424(921634) 387s
      75397     1.0029542670e+05 Pr: 355(17008.6); Du: 0(3.95956e-10) 392s
      76221     1.0029542670e+05 Pr: 383(164436); Du: 0(2.21707e-10) 397s
      77107     1.0029542670e+05 Pr: 408(97558.8); Du: 0(2.83363e-11) 402s
      77929     1.0029542671e+05 Pr: 386(36731.1) 408s
      78755     1.0029542671e+05 Pr: 385(79078.1); Du: 0(8.83299e-10) 413s
      79578     1.0029542671e+05 Pr: 346(13928.9); Du: 0(1.50297e-09) 418s
      80385     1.0029542671e+05 Pr: 346(131186) 424s
      81221     1.0029542672e+05 Pr: 351(23690.1); Du: 0(3.19113e-10) 429s
      82033     1.0029542672e+05 Pr: 346(18474.1); Du: 0(1.70851e-09) 434s
      82942     1.0029542672e+05 Pr: 315(9188.35); Du: 0(5.76715e-10) 439s
      83737     1.0029542672e+05 Pr: 333(123078); Du: 0(2.18404e-09) 444s
      84604     1.0029542672e+05 Pr: 302(5657.78) 450s
      85487     1.0029542673e+05 Pr: 344(17003.7); Du: 0(6.67353e-10) 455s
      86337     1.0029542673e+05 Pr: 431(29302.3); Du: 0(8.9284e-10) 461s
      87184     1.0029542673e+05 Pr: 389(86080); Du: 0(2.41268e-12) 466s
      88172     1.0029542674e+05 Pr: 391(258870) 471s
      89275     1.0029542676e+05 Pr: 326(73990.6) 476s
      90281     1.0029542677e+05 Pr: 376(36090.4); Du: 0(9.24793e-11) 482s
      91280     1.0029542677e+05 Pr: 392(51578.8) 487s
      92292     1.0029542678e+05 Pr: 405(26185.2); Du: 0(8.6241e-10) 492s
      93086     1.0029542678e+05 Pr: 341(267606); Du: 0(6.48087e-10) 498s
      94172     1.0029542679e+05 Pr: 398(15692.2); Du: 0(8.80957e-10) 503s
      95064     1.0029542679e+05 Pr: 381(16604.4); Du: 0(8.03598e-10) 508s
      95919     1.0029542680e+05 Pr: 320(43242.5) 513s
      96880     1.0029542680e+05 Pr: 401(120760) 518s
      97817     1.0029542681e+05 Pr: 404(67922.4); Du: 0(5.85812e-10) 523s
      98659     1.0029542681e+05 Pr: 336(9994.4) 529s
      99617     1.0029542681e+05 Pr: 324(375900); Du: 0(1.06775e-09) 534s
     100539     1.0029542682e+05 Pr: 396(1.20396e+06) 539s
     101442     1.0029542682e+05 Pr: 332(17873.6) 544s
     102307     1.0029542682e+05 Pr: 368(29893.3) 550s
     103181     1.0029542682e+05 Pr: 385(164555); Du: 0(1.77752e-09) 555s
     104087     1.0029542682e+05 Pr: 353(18266.3) 560s
     104911     1.0029542683e+05 Pr: 414(62833.6) 565s
     105772     1.0029542683e+05 Pr: 326(31695.4); Du: 0(4.7282e-10) 571s
     106614     1.0029542684e+05 Pr: 377(1.17714e+06); Du: 0(1.24889e-09) 576s
     107659     1.0029542684e+05 Pr: 380(26599.2); Du: 0(1.55831e-09) 581s
     108585     1.0029542684e+05 Pr: 412(86938.2); Du: 0(7.24166e-10) 587s
     109533     1.0029542685e+05 Pr: 313(91380.8); Du: 0(2.56399e-09) 592s
     110539     1.0029542685e+05 Pr: 335(22936.6); Du: 0(1.26421e-10) 598s
     111433     1.0029542686e+05 Pr: 254(11529.4); Du: 0(4.16684e-10) 603s
     112268     1.0029542686e+05 Pr: 255(5896.73); Du: 0(3.80051e-10) 608s
     113270     1.0029542686e+05 Pr: 422(39565.9); Du: 0(3.80051e-10) 614s
     114255     1.0029542687e+05 Pr: 436(99863.6); Du: 0(4.3934e-10) 619s
     115158     1.0029542688e+05 Pr: 336(17169.5); Du: 0(3.79482e-10) 624s
     116223     1.0029542688e+05 Pr: 304(24402.1); Du: 0(1.2358e-09) 629s
     117306     1.0029542690e+05 Pr: 354(14447.2); Du: 0(8.15187e-10) 635s
     118249     1.0029542690e+05 Pr: 398(259916); Du: 0(7.57353e-10) 640s
     119245     1.0029542690e+05 Pr: 406(173296); Du: 0(2.03908e-11) 645s
     120235     1.0029542691e+05 Pr: 405(15157.3); Du: 0(1.63098e-10) 650s
     121149     1.0029542692e+05 Pr: 371(29114.8); Du: 0(3.79729e-10) 656s
     122129     1.0029542692e+05 Pr: 340(19191.6); Du: 0(6.54432e-10) 661s
     123149     1.0029542694e+05 Pr: 362(17527.3); Du: 0(1.44047e-09) 666s
     124144     1.0029542694e+05 Pr: 291(53449.9) 671s
     125138     1.0029542695e+05 Pr: 332(11232.6) 676s
     126160     1.0029542695e+05 Pr: 390(194959) 681s
     127113     1.0029542696e+05 Pr: 359(22065.5); Du: 0(7.87242e-10) 687s
     128179     1.0029542698e+05 Pr: 343(630682) 692s
     129264     1.0029542699e+05 Pr: 324(15296.8) 697s
     130257     1.0029542700e+05 Pr: 342(134186) 702s
     131231     1.0029542700e+05 Pr: 297(270616); Du: 0(2.11982e-10) 707s
     132277     1.0029542701e+05 Pr: 397(492262) 713s
     133347     1.0029542705e+05 Pr: 383(685940) 718s
     134585     1.0125009600e+05 Pr: 331(31713) 723s
     135795     1.0161876041e+05 Pr: 294(3143.66); Du: 0(1.58193e-09) 728s
     136798     1.0167857176e+05 Pr: 295(6128.03); Du: 0(2.84286e-10) 734s
     137761     1.0171789358e+05 Pr: 211(6252.4) 739s
     138660     1.0177983899e+05 Pr: 276(10785.8) 744s
     139538     1.0183394893e+05 Pr: 216(9928.08); Du: 0(6.45995e-10) 749s
     140468     1.0187916834e+05 Pr: 292(8809.7) 754s
     141346     1.0194245902e+05 Pr: 444(14749.7) 760s
     142299     1.0204662824e+05 Pr: 411(27636); Du: 0(5.62199e-11) 765s
     143207     1.0208426912e+05 Pr: 295(8702.7) 770s
     144134     1.0212053397e+05 Pr: 212(8897.37) 776s
     144988     1.0214814448e+05 Pr: 248(4792.18); Du: 0(4.44651e-10) 781s
     145886     1.0218959241e+05 Pr: 172(657.368); Du: 0(8.52219e-10) 786s
     146827     1.0223498582e+05 Pr: 196(5412.06) 792s
     147632     1.0224380252e+05 Pr: 280(5275.08); Du: 0(3.59008e-11) 797s
     148480     1.0226588699e+05 Pr: 159(496.254) 802s
     149328     1.0229158893e+05 Pr: 227(3422.13); Du: 0(1.66889e-13) 807s
     150242     1.0231160155e+05 Pr: 198(842.477) 813s
     151180     1.0235882502e+05 Pr: 361(5091.78) 818s
     152101     1.0236963146e+05 Pr: 159(1657.87) 824s
     152914     1.0237131288e+05 Pr: 140(2342.18) 829s
     153709     1.0237425675e+05 Pr: 135(503.67); Du: 0(2.95704e-10) 834s
     154519     1.0237563507e+05 Pr: 155(1029.06) 840s
     155340     1.0239478817e+05 Pr: 263(1171.29); Du: 0(7.66615e-10) 845s
     156215     1.0240914777e+05 Pr: 202(1942.39) 851s
     157099     1.0242033676e+05 Pr: 151(614.117); Du: 0(1.48205e-11) 856s
     157890     1.0242279655e+05 Pr: 151(2628.14); Du: 0(5.23769e-10) 861s
     158694     1.0242315567e+05 Pr: 131(8404.14) 866s
     159523     1.0242316747e+05 Pr: 144(2259.43) 872s
     160330     1.0242316747e+05 Pr: 154(6301.46); Du: 0(1.57182e-09) 877s
     161128     1.0242316747e+05 Pr: 155(4780.34) 883s
     161916     1.0242464898e+05 Pr: 150(986.39) 888s
     162715     1.0242465608e+05 Pr: 165(618.614) 894s
     163506     1.0243552702e+05 Pr: 167(276.38); Du: 0(8.1074e-10) 899s
     164325     1.0243557091e+05 Pr: 147(4493.34) 904s
     165169     1.0243574571e+05 Pr: 160(5100.35) 910s
     165908     1.0243614739e+05 Pr: 282(93726.9) 915s
     166693     1.0244662774e+05 Pr: 193(2119.42) 920s
     167419     1.0244662775e+05 Pr: 172(6992.57) 925s
     168240     1.0244740896e+05 Pr: 168(1092.16) 931s
     168971     1.0244753296e+05 Pr: 166(2223.35) 936s
     169787     1.0244756455e+05 Pr: 166(1239.85); Du: 0(7.07521e-10) 942s
     170530     1.0244756456e+05 Pr: 168(11846.8) 947s
     171263     1.0244756458e+05 Pr: 156(2180.01) 952s
     172080     1.0244875076e+05 Pr: 170(9336.08) 957s
     172881     1.0245160033e+05 Pr: 177(5907.81) 962s
     173665     1.0245160403e+05 Pr: 161(7787.36) 968s
     174488     1.0245312166e+05 Pr: 381(73738.4) 973s
     175341     1.0246274638e+05 Pr: 208(1059.55) 979s
     176110     1.0246528403e+05 Pr: 374(5984.91) 984s
     176890     1.0246776979e+05 Pr: 179(351.89) 990s
     177654     1.0246914799e+05 Pr: 164(974.337) 995s
     178407     1.0247233157e+05 Pr: 194(2700.27) 1000s
     185627     1.0248518165e+05 Pr: 180(172.373) 1051s
     192661     1.0249480279e+05 Pr: 244(171.389) 1101s
     197014     1.0249751259e+05 Pr: 0(0) 1132s
Model status        : Optimal
Simplex   iterations: 197014
Objective value     :  1.0249751259e+05
Relative P-D gap    :  6.5307740995e-15
HiGHS run time      :       1132.36
{"numerical_runtime": {"python": "3.10.12 (main, Aug 31 2026, 10:18:17) [GCC 11.4.0]", "numpy": "1.26.4", "scipy": "1.15.3", "HiGHS_version": "1.8.0", "actual_HiGHS_threads": 1, "post_solve_tid_affinities": {"752772": [6]}, "worker_tid_limit": 1, "actual_native_limits": {"threads": 1, "time_limit": "infinity", "mip_max_nodes": 2147483647, "simplex_iteration_limit": 2147483647, "ipm_iteration_limit": 2147483647}}}
FINAL {
  "schema": "dsjc1000_conditional_lp_numerical_v1",
  "scenario": "100",
  "selected_top_classes": [
    [
      52,
      54,
      175,
      319,
      501,
      704
    ]
  ],
  "k": 1,
  "residual_vertices": 994,
  "eligible_sets": 255026,
  "variables": 257294,
  "constraints": 999,
  "nonzeros": 1513494,
  "constant": 6,
  "status": 0,
  "success": true,
  "message": "Optimization terminated successfully. (HiGHS Status 7: Optimal)",
  "variable_objective": 102497.51259327942,
  "total_objective": 102503.51259327942,
  "iterations": 197014,
  "timing_seconds": {
    "load_filter": 0.45870199520140886,
    "build": 0.8743200609460473,
    "solve": 1133.361921763979,
    "total": 1134.6949438201264
  },
  "peak_rss_kib": 521560,
  "scipy": "1.15.3",
  "q_residual_by_threshold": [
    217.08169568977388,
    216.06675752567568,
    213.9999999999995,
    207.00000000000028,
    139.85154678454995
  ],
  "x_positive": 988
}
