{"retained_argv": ["/usr/bin/python3", "<source>/existing/dsjc500/baseline/find_farkas.py", "--graph", "<source>/input/graphs/DSJC500.9.col", "--packing", "2", "--out", "<run>/jobs/dsjc500.farkas.P2/attempt-001/out/farkas101_7_P2.json"]}
{"numerical_runtime": {"python": "3.10.12 (main, Aug 31 2026, 10:18:17) [GCC 11.4.0]", "numpy": "1.26.4", "scipy": "1.15.3", "HiGHS_version": "1.8.0", "actual_HiGHS_threads": 1, "post_solve_tid_affinities": {"732675": [6]}, "worker_tid_limit": 1, "actual_native_limits": {"threads": 1, "time_limit": "infinity", "mip_max_nodes": 2147483647, "simplex_iteration_limit": 2147483647, "ipm_iteration_limit": 2147483647}}}
{
  "packing": 2,
  "status": 0,
  "message": "Optimization terminated successfully. (HiGHS Status 7: Optimal)",
  "seconds": 1.4930172022432089,
  "bt": -1.0000000000000067,
  "min_aty": -3.060399156318283e-14,
  "nonzero": 421,
  "distinct_values": [
    -0.620249573293,
    -0.618613844558,
    -0.611182949078,
    -0.600756677059,
    -0.534710728374,
    -0.509242037935,
    -0.509239679694,
    -0.491174834818,
    -0.490138778306,
    -0.464214746105,
    -0.422492580697,
    -0.390942191194,
    -0.389135039093,
    -0.358009494608,
    -0.354546940463,
    -0.35272979556,
    -0.348291399964,
    -0.322368268596,
    -0.299723263292,
    -0.296117377072,
    -0.289808594624,
    -0.284430708279,
    -0.275900022248,
    -0.261338659809,
    -0.258400849582,
    -0.253750333138,
    -0.252710797385,
    -0.224857140747,
    -0.215408215643,
    -0.213055677511,
    -0.212982939826,
    -0.21084923944,
    -0.206456665909,
    -0.206386416679,
    -0.199575306962,
    -0.19883579808,
    -0.197249349285,
    -0.19374437098,
    -0.187074024497,
    -0.183945615438,
    -0.18014057493,
    -0.177175459803,
    -0.169645919479,
    -0.167229902198,
    -0.164387122907,
    -0.15843280396,
    -0.156426300046,
    -0.153967558722,
    -0.152459633053,
    -0.150893163967,
    -0.147940230677,
    -0.147020971139,
    -0.146460686059,
    -0.140902948667,
    -0.138829835922,
    -0.138570463997,
    -0.13728124827,
    -0.133743020862,
    -0.132696147326,
    -0.132312558036,
    -0.131730687722,
    -0.129928698931,
    -0.129468805456,
    -0.127276344077,
    -0.125676731467,
    -0.124585597897,
    -0.123685575747,
    -0.116299141648,
    -0.114890936106,
    -0.114869419313,
    -0.114137975928,
    -0.111179246461,
    -0.105179105847,
    -0.102922528414,
    -0.102899857172,
    -0.09916849247,
    -0.097965033573,
    -0.094374130243,
    -0.094332006749,
    -0.093942590512,
    -0.092306861778,
    -0.092174940561,
    -0.091321733588,
    -0.091300828298,
    -0.090633341817,
    -0.088598299599,
    -0.088365012859,
    -0.088245222976,
    -0.08580453964,
    -0.084363398459,
    -0.083942149313,
    -0.081111786768,
    -0.081001315603,
    -0.080527196706,
    -0.079620961053,
    -0.076489032151,
    -0.07412756983,
    -0.074032001198,
    -0.073256294526,
    -0.072372620078
  ],
  "max_abs": 0.7125564350705199,
  "cert_found": true,
  "cert_bt": -54
}
