{"retained_argv": ["/usr/bin/python3", "<source>/existing/dsjc1000/solve_conditional_lp.py", "--sets", "<run>/jobs/dsjc1000.reconstruct/attempt-001/out/sets", "--scenario", "000", "--out-root", "<run>/jobs/dsjc1000.lp.000/attempt-001/out", "--time-limit", "0"]}
{"stage": "built", "scenario": "000", "k": 0, "eligible_sets": 260683, "variables": 262966, "constraints": 1005, "nnz": 1549073, "constant": 0}
Running HiGHS 1.8.0 (git hash: 222cce7): Copyright (c) 2024 HiGHS under MIT licence terms
Coefficient ranges:
  Matrix [1e+00, 1e+00]
  Cost   [1e+00, 1e+03]
  Bound  [1e+00, 1e+00]
  RHS    [1e+00, 1e+00]
Presolving model
1005 rows, 262966 cols, 1549073 nonzeros  0s
1005 rows, 262966 cols, 1549073 nonzeros  0s
Presolve : Reductions: rows 1005(-0); columns 262966(-0); elements 1549073(-0) - Not reduced
Problem not reduced by presolve: solving the LP
Using EKK dual simplex solver - serial
  Iteration        Objective     Infeasibilities num(sum)
          0     0.0000000000e+00 Pr: 1000(1000) 1s
       1623     9.4600473459e+02 Pr: 239(46333.5) 6s
       3543     1.6225079759e+03 Pr: 209(133279); Du: 0(7.15973e-10) 11s
       4668     1.7700094321e+03 Pr: 262(37476) 17s
       5719     1.8842322107e+03 Pr: 275(22259.2) 22s
       7261     2.6766802320e+03 Pr: 272(49134.1) 27s
       8486     3.1713076807e+03 Pr: 259(47950.7); Du: 0(9.88269e-10) 32s
       9849     4.1997506327e+03 Pr: 245(58262.4) 37s
      10996     4.6718890834e+03 Pr: 275(302072) 42s
      12221     5.2106921323e+03 Pr: 237(44496.7) 48s
      13461     1.0049497814e+05 Pr: 280(9.9952e+07) 53s
      14417     1.0050027617e+05 Pr: 272(3.58655e+06) 59s
      15344     1.0050041086e+05 Pr: 248(357497) 64s
      16369     1.0050042124e+05 Pr: 236(118432); Du: 0(1.18578e-11) 69s
      17435     1.0050042402e+05 Pr: 261(305188) 74s
      18423     1.0050042508e+05 Pr: 264(142066) 79s
      19452     1.0050042555e+05 Pr: 263(1.46054e+06) 84s
      20594     1.0050042576e+05 Pr: 255(1.20482e+06) 90s
      21760     1.0050042607e+05 Pr: 302(1.10518e+06); Du: 0(6.99228e-10) 95s
      22794     1.0050042620e+05 Pr: 335(327643) 101s
      23825     1.0050042634e+05 Pr: 263(54154.2) 106s
      24784     1.0050042643e+05 Pr: 277(344823) 111s
      25928     1.0050042653e+05 Pr: 235(81411) 116s
      27006     1.0050042658e+05 Pr: 356(59501.3) 121s
      28060     1.0050042664e+05 Pr: 311(61147.1) 126s
      29083     1.0050042671e+05 Pr: 339(299345) 132s
      30038     1.0050042677e+05 Pr: 286(139110) 137s
      31050     1.0050042681e+05 Pr: 348(1.25714e+06) 142s
      31883     1.0050042687e+05 Pr: 307(35928) 147s
      32930     1.0050042691e+05 Pr: 323(26462.1) 153s
      34012     1.0050042695e+05 Pr: 306(99188.4) 158s
      34996     1.0050042698e+05 Pr: 342(9262.09) 163s
      35896     1.0050042699e+05 Pr: 343(92579.6); Du: 0(6.69813e-10) 168s
      36931     1.0050042700e+05 Pr: 288(242592) 174s
      37903     1.0050042701e+05 Pr: 337(7969.4) 179s
      38802     1.0050042702e+05 Pr: 379(218316) 184s
      39673     1.0050042703e+05 Pr: 331(57211.1) 189s
      40502     1.0050042704e+05 Pr: 337(19252.7) 194s
      41375     1.0050042705e+05 Pr: 329(15150.4); Du: 0(7.80902e-10) 199s
      42368     1.0050042706e+05 Pr: 367(413198) 205s
      43400     1.0050042709e+05 Pr: 359(335306); Du: 0(2.8064e-10) 210s
      44406     1.0050042711e+05 Pr: 327(604768); Du: 0(8.01088e-10) 215s
      45495     1.0050042713e+05 Pr: 363(214488) 220s
      46576     1.0050042715e+05 Pr: 347(116631) 226s
      47566     1.0050042718e+05 Pr: 331(472647); Du: 0(2.58812e-10) 231s
      48444     1.0050042719e+05 Pr: 274(35181.4); Du: 0(1.48357e-11) 236s
      49446     1.0050042721e+05 Pr: 249(25738.5) 241s
      50400     1.0050042722e+05 Pr: 308(35041.4) 246s
      51478     1.0050042723e+05 Pr: 323(29762.7); Du: 0(4.02325e-11) 251s
      52420     1.0050042724e+05 Pr: 410(430367); Du: 0(4.23132e-10) 257s
      53203     1.0050042725e+05 Pr: 386(27832.1); Du: 0(3.06633e-12) 262s
      54002     1.0050042725e+05 Pr: 337(36085.2); Du: 0(3.01509e-10) 267s
      54923     1.0050042726e+05 Pr: 329(151231) 272s
      55768     1.0050042728e+05 Pr: 328(90161.3) 277s
      56623     1.0050042728e+05 Pr: 327(1.45493e+06) 282s
      57484     1.0050042729e+05 Pr: 313(122263) 288s
      58329     1.0050042730e+05 Pr: 291(20438.4) 293s
      59198     1.0050042730e+05 Pr: 382(407981); Du: 0(5.67475e-10) 298s
      60035     1.0050042731e+05 Pr: 298(487323) 303s
      60880     1.0050042732e+05 Pr: 357(16856.4) 308s
      61741     1.0050042733e+05 Pr: 374(38709.2); Du: 0(8.69512e-10) 314s
      62665     1.0050042733e+05 Pr: 398(87875.9) 319s
      63369     1.0050042734e+05 Pr: 370(20374.1) 324s
      64188     1.0050042735e+05 Pr: 380(44650.7); Du: 0(7.64017e-10) 329s
      65111     1.0050042736e+05 Pr: 343(80686.5) 334s
      66097     1.0050042737e+05 Pr: 315(247213); Du: 0(1.60793e-11) 340s
      67019     1.0050042737e+05 Pr: 389(696727); Du: 0(3.67141e-10) 345s
      67832     1.0050042738e+05 Pr: 335(542829) 350s
      68773     1.0050042739e+05 Pr: 399(263487) 356s
      69707     1.0050042739e+05 Pr: 375(37121.8) 361s
      70498     1.0050042739e+05 Pr: 320(6328.26); Du: 0(5.05946e-10) 366s
      71346     1.0050042740e+05 Pr: 386(61167.3) 372s
      72132     1.0050042740e+05 Pr: 293(130253) 377s
      72947     1.0050042741e+05 Pr: 314(88389.6) 383s
      73722     1.0050042741e+05 Pr: 385(62576.9) 388s
      74444     1.0050042742e+05 Pr: 402(193976); Du: 0(5.18575e-10) 393s
      75313     1.0050042742e+05 Pr: 343(134857) 398s
      76177     1.0050042743e+05 Pr: 383(28221.2) 404s
      77063     1.0050042743e+05 Pr: 374(9487.17) 409s
      77903     1.0050042744e+05 Pr: 318(9099.99) 415s
      78844     1.0050042744e+05 Pr: 349(94861.8) 420s
      79775     1.0050042745e+05 Pr: 361(53757.4) 425s
      80701     1.0050042746e+05 Pr: 330(24319.8) 430s
      81517     1.0050042746e+05 Pr: 340(279758); Du: 0(6.54905e-10) 435s
      82258     1.0050042746e+05 Pr: 377(84641.5); Du: 0(4.89378e-10) 441s
      82981     1.0050042747e+05 Pr: 394(27831.8) 446s
      83721     1.0050042747e+05 Pr: 321(6930.71) 451s
      84514     1.0050042748e+05 Pr: 348(1.2739e+06); Du: 0(7.42783e-11) 457s
      85237     1.0050042749e+05 Pr: 356(360468) 462s
      86037     1.0050042749e+05 Pr: 284(6455.21); Du: 0(2.95407e-10) 467s
      87043     1.0050042751e+05 Pr: 387(323488); Du: 0(1.67786e-10) 472s
      87951     1.0050042751e+05 Pr: 332(27241.3) 478s
      88685     1.0050042751e+05 Pr: 382(553218); Du: 0(2.9162e-10) 483s
      89478     1.0050042752e+05 Pr: 337(140982) 488s
      90308     1.0050042753e+05 Pr: 340(20789.6) 493s
      91176     1.0050042753e+05 Pr: 265(3615.88) 499s
      91953     1.0050042754e+05 Pr: 358(6908.49) 504s
      92709     1.0050042754e+05 Pr: 338(12486) 509s
      93481     1.0050042755e+05 Pr: 365(7355.43); Du: 0(6.0901e-10) 514s
      94263     1.0050042755e+05 Pr: 350(12626.6) 519s
      95039     1.0050042756e+05 Pr: 376(22479.9) 525s
      95896     1.0050042756e+05 Pr: 383(412614); Du: 0(8.45269e-10) 530s
      96639     1.0050042756e+05 Pr: 397(54100.2) 536s
      97405     1.0050042757e+05 Pr: 351(39108.3); Du: 0(1.52965e-11) 541s
      98207     1.0050042757e+05 Pr: 345(8798.12) 546s
      98993     1.0050042757e+05 Pr: 376(90041.9); Du: 0(2.2531e-09) 551s
      99799     1.0050042758e+05 Pr: 263(3330.78) 556s
     100613     1.0050042758e+05 Pr: 377(13186); Du: 0(2.97849e-12) 561s
     101415     1.0050042758e+05 Pr: 367(27416.4) 567s
     102141     1.0050042759e+05 Pr: 367(55022.1); Du: 0(1.09929e-09) 572s
     102858     1.0050042759e+05 Pr: 341(8564.8); Du: 0(1.83964e-10) 577s
     103595     1.0050042759e+05 Pr: 355(9969.33) 582s
     104379     1.0050042760e+05 Pr: 410(88282.4); Du: 0(2.64385e-11) 587s
     105089     1.0050042760e+05 Pr: 346(14381) 593s
     105804     1.0050042760e+05 Pr: 377(10154.9) 598s
     106508     1.0050042761e+05 Pr: 322(17427); Du: 0(9.77382e-10) 603s
     107211     1.0050042761e+05 Pr: 414(23796.2) 608s
     107944     1.0050042761e+05 Pr: 402(60137); Du: 0(2.21063e-12) 613s
     108692     1.0050042762e+05 Pr: 329(4665.28) 618s
     109486     1.0050042762e+05 Pr: 390(36600.9); Du: 0(2.24398e-10) 624s
     110226     1.0050042762e+05 Pr: 381(10903.6) 629s
     110959     1.0050042763e+05 Pr: 411(24352.7); Du: 0(7.32072e-10) 634s
     111694     1.0050042763e+05 Pr: 396(23901.3) 640s
     112472     1.0050042764e+05 Pr: 385(38323.3); Du: 0(1.03346e-09) 645s
     113226     1.0050042764e+05 Pr: 412(33083.1); Du: 0(1.2804e-09) 651s
     114014     1.0050042764e+05 Pr: 366(5863.42) 656s
     114782     1.0050042765e+05 Pr: 370(7100.01) 662s
     115492     1.0050042765e+05 Pr: 406(98055.9) 667s
     116268     1.0050042766e+05 Pr: 397(24261.4) 672s
     117015     1.0050042766e+05 Pr: 414(5785.6) 678s
     117799     1.0050042766e+05 Pr: 401(76923.8) 683s
     118546     1.0050042767e+05 Pr: 336(40693.5) 688s
     119288     1.0050042768e+05 Pr: 377(11701.5) 693s
     120108     1.0050042769e+05 Pr: 332(91632.5); Du: 0(5.0036e-10) 698s
     121000     1.0050042769e+05 Pr: 340(336914); Du: 0(8.90488e-10) 704s
     121897     1.0050042770e+05 Pr: 365(33547.9); Du: 0(4.06667e-10) 709s
     122740     1.0050042771e+05 Pr: 339(79704.2) 714s
     123686     1.0050042772e+05 Pr: 347(21938.4); Du: 0(6.93884e-11) 720s
     124616     1.0050042772e+05 Pr: 396(292940) 725s
     125624     1.0050042773e+05 Pr: 330(141287); Du: 0(4.20016e-10) 730s
     126401     1.0050042773e+05 Pr: 346(102901); Du: 0(7.26921e-10) 735s
     127258     1.0050042773e+05 Pr: 430(987651); Du: 0(7.85916e-10) 741s
     128051     1.0050042773e+05 Pr: 411(180942) 746s
     128901     1.0050042774e+05 Pr: 376(14689.5); Du: 0(1.15475e-09) 751s
     129690     1.0050042774e+05 Pr: 410(91625.4); Du: 0(2.73702e-10) 757s
     130470     1.0050042774e+05 Pr: 402(10830.4); Du: 0(9.88681e-10) 762s
     131371     1.0050042775e+05 Pr: 342(327017); Du: 0(1.55516e-09) 767s
     132150     1.0050042775e+05 Pr: 425(42639.9); Du: 0(1.71466e-09) 773s
     133033     1.0050042775e+05 Pr: 356(33573.4); Du: 0(1.23916e-09) 778s
     133806     1.0050042775e+05 Pr: 396(43032.1); Du: 0(9.88624e-10) 783s
     134567     1.0050042776e+05 Pr: 423(120864); Du: 0(1.732e-09) 789s
     135316     1.0050042776e+05 Pr: 435(89830.2); Du: 0(1.04137e-09) 794s
     136071     1.0050042776e+05 Pr: 434(286848); Du: 0(1.75453e-09) 799s
     136789     1.0050042777e+05 Pr: 277(9240.69); Du: 0(1.17536e-09) 804s
     137558     1.0050042777e+05 Pr: 404(8390.42); Du: 0(1.47561e-09) 810s
     138299     1.0050042777e+05 Pr: 327(9785.07); Du: 0(9.88823e-10) 815s
     138995     1.0050042777e+05 Pr: 392(9476.23); Du: 0(1.81421e-09) 820s
     139741     1.0050042777e+05 Pr: 394(17721) 826s
     140484     1.0050042778e+05 Pr: 401(25759.5); Du: 0(5.50716e-10) 831s
     141247     1.0050042778e+05 Pr: 402(28639.6) 836s
     142025     1.0050042778e+05 Pr: 369(9816.86); Du: 0(4.65163e-10) 842s
     142734     1.0050042778e+05 Pr: 337(3783.24) 847s
     143432     1.0050042778e+05 Pr: 422(17215.2); Du: 0(5.91842e-10) 852s
     144198     1.0050042778e+05 Pr: 420(6189.85); Du: 0(7.59484e-10) 858s
     144979     1.0050042779e+05 Pr: 440(117330) 864s
     145773     1.0050042779e+05 Pr: 344(295532) 869s
     146569     1.0050042780e+05 Pr: 406(40825.4) 874s
     147383     1.0050042780e+05 Pr: 350(17951.1) 879s
     148213     1.0050042780e+05 Pr: 321(5789.16); Du: 0(6.55972e-10) 884s
     149033     1.0050042781e+05 Pr: 384(12153.8); Du: 0(8.92196e-10) 890s
     149832     1.0050042781e+05 Pr: 327(17973.3); Du: 0(9.08956e-10) 895s
     150719     1.0050042782e+05 Pr: 392(770229); Du: 0(3.4769e-10) 900s
     151498     1.0050042782e+05 Pr: 412(7662.71); Du: 0(8.69208e-10) 905s
     152286     1.0050042782e+05 Pr: 335(7853.35); Du: 0(6.76795e-10) 910s
     153063     1.0050042783e+05 Pr: 413(21242.2) 916s
     153806     1.0050042783e+05 Pr: 399(120699) 921s
     154579     1.0050042783e+05 Pr: 361(39104.5); Du: 0(1.63319e-09) 926s
     155326     1.0050042784e+05 Pr: 343(3078.02); Du: 0(6.35874e-10) 932s
     156182     1.0050042784e+05 Pr: 315(114939) 937s
     156890     1.0050042784e+05 Pr: 269(196030); Du: 0(8.4959e-10) 942s
     157624     1.0050042784e+05 Pr: 325(21560.9); Du: 0(5.44101e-10) 947s
     158380     1.0050042785e+05 Pr: 332(12962.1); Du: 0(5.4303e-10) 953s
     159221     1.0050042785e+05 Pr: 373(92526.9); Du: 0(2.37187e-10) 958s
     160157     1.0050042785e+05 Pr: 327(15365.2) 963s
     160927     1.0050042785e+05 Pr: 272(43617.1) 969s
     161693     1.0050042786e+05 Pr: 339(6404.73) 974s
     162427     1.0050042786e+05 Pr: 406(16953.8) 979s
     163228     1.0050042786e+05 Pr: 413(98308.9) 985s
     163962     1.0050042787e+05 Pr: 340(79157.4) 990s
     164755     1.0050042787e+05 Pr: 401(9272.98); Du: 0(8.93095e-11) 995s
     165466     1.0050042787e+05 Pr: 341(4315.99) 1000s
     172977     1.0050042789e+05 Pr: 386(3772.04); Du: 0(1.09697e-09) 1051s
     180192     1.0050042793e+05 Pr: 367(18741.1); Du: 0(9.77229e-10) 1101s
     187629     1.0050042795e+05 Pr: 437(117315); Du: 0(3.24132e-10) 1151s
     194924     1.0050042797e+05 Pr: 415(5560.45); Du: 0(1.54173e-10) 1201s
     202893     1.0050042801e+05 Pr: 355(23440.7); Du: 0(9.75381e-10) 1252s
     210566     1.0050042806e+05 Pr: 403(119348); Du: 0(8.11571e-10) 1302s
     219340     1.0143541989e+05 Pr: 367(131636) 1352s
     227866     1.0184609160e+05 Pr: 270(3883.49); Du: 0(3.58924e-10) 1402s
     235850     1.0209967215e+05 Pr: 214(505.86) 1452s
     243977     1.0231035990e+05 Pr: 200(7484.16) 1503s
     251704     1.0243207288e+05 Pr: 174(491.599) 1554s
     259204     1.0251567262e+05 Pr: 154(1806.47) 1604s
     266496     1.0259498255e+05 Pr: 178(932.98) 1654s
     273440     1.0260625839e+05 Pr: 167(186.766) 1705s
     280469     1.0261781186e+05 Pr: 197(188.55) 1756s
     287362     1.0262746694e+05 Pr: 215(1258.01) 1806s
     293980     1.0263334658e+05 Pr: 0(0) 1855s
Model status        : Optimal
Simplex   iterations: 293980
Objective value     :  1.0263334658e+05
Relative P-D gap    :  4.9624907494e-15
HiGHS run time      :       1854.70
{"numerical_runtime": {"python": "3.10.12 (main, Aug 31 2026, 10:18:17) [GCC 11.4.0]", "numpy": "1.26.4", "scipy": "1.15.3", "HiGHS_version": "1.8.0", "actual_HiGHS_threads": 1, "post_solve_tid_affinities": {"739121": [6]}, "worker_tid_limit": 1, "actual_native_limits": {"threads": 1, "time_limit": "infinity", "mip_max_nodes": 2147483647, "simplex_iteration_limit": 2147483647, "ipm_iteration_limit": 2147483647}}}
FINAL {
  "schema": "dsjc1000_conditional_lp_numerical_v1",
  "scenario": "000",
  "selected_top_classes": [],
  "k": 0,
  "residual_vertices": 1000,
  "eligible_sets": 260683,
  "variables": 262966,
  "constraints": 1005,
  "nonzeros": 1549073,
  "constant": 0,
  "status": 0,
  "success": true,
  "message": "Optimization terminated successfully. (HiGHS Status 7: Optimal)",
  "variable_objective": 102633.34658126668,
  "total_objective": 102633.34658126668,
  "iterations": 293980,
  "timing_seconds": {
    "load_filter": 0.45461875991895795,
    "build": 0.8074116739444435,
    "solve": 1855.7661122991703,
    "total": 1857.0281427330337
  },
  "peak_rss_kib": 529916,
  "scipy": "1.15.3",
  "q_residual_by_threshold": [
    218.0000000000004,
    216.6970942410859,
    214.83290714396705,
    208.52630286083223,
    141.94369575411443
  ],
  "x_positive": 991
}
