{"retained_argv": ["/usr/bin/python3", "<source>/existing/dsjc500/baseline/find_farkas.py", "--graph", "<source>/input/graphs/DSJC500.9.col", "--packing", "4", "--out", "<run>/jobs/dsjc500.farkas.P4/attempt-001/out/farkas101_7_P4.json"]}
{"numerical_runtime": {"python": "3.10.12 (main, Aug 31 2026, 10:18:17) [GCC 11.4.0]", "numpy": "1.26.4", "scipy": "1.15.3", "HiGHS_version": "1.8.0", "actual_HiGHS_threads": 1, "post_solve_tid_affinities": {"732749": [6]}, "worker_tid_limit": 1, "actual_native_limits": {"threads": 1, "time_limit": "infinity", "mip_max_nodes": 2147483647, "simplex_iteration_limit": 2147483647, "ipm_iteration_limit": 2147483647}}}
{
  "packing": 4,
  "status": 0,
  "message": "Optimization terminated successfully. (HiGHS Status 7: Optimal)",
  "seconds": 1.3210243619978428,
  "bt": -1.0000000000000058,
  "min_aty": -2.2603446891977796e-15,
  "nonzero": 413,
  "distinct_values": [
    -0.569594326372,
    -0.53719688947,
    -0.516700961869,
    -0.513711087882,
    -0.495266305624,
    -0.44850904882,
    -0.445711440525,
    -0.44431708974,
    -0.424471387408,
    -0.404882372527,
    -0.399185672518,
    -0.349450409674,
    -0.331994286291,
    -0.308805716426,
    -0.294677661265,
    -0.290881614016,
    -0.288943371444,
    -0.281580189589,
    -0.279369899827,
    -0.277788145968,
    -0.263973477383,
    -0.246855143316,
    -0.238856136863,
    -0.223140964822,
    -0.217263606112,
    -0.205172898731,
    -0.198659744168,
    -0.196382185154,
    -0.175813547444,
    -0.170235987802,
    -0.169339857423,
    -0.166419814456,
    -0.166313969531,
    -0.159680930905,
    -0.155049737876,
    -0.155026500846,
    -0.154751015146,
    -0.147013752185,
    -0.134589051704,
    -0.132109547056,
    -0.130914038231,
    -0.130500578602,
    -0.129884301957,
    -0.126408265636,
    -0.126282887174,
    -0.121979870578,
    -0.120559829575,
    -0.119769025284,
    -0.113547317165,
    -0.109648414229,
    -0.108846466593,
    -0.108697593784,
    -0.108694331985,
    -0.104529432252,
    -0.104141924332,
    -0.103335575992,
    -0.098482390137,
    -0.098222742584,
    -0.097076222205,
    -0.095429543556,
    -0.090671162842,
    -0.084535497037,
    -0.084056078075,
    -0.083209142882,
    -0.082660415807,
    -0.082204854922,
    -0.081059460715,
    -0.079443553459,
    -0.078629245729,
    -0.076744087424,
    -0.075912849719,
    -0.075888448507,
    -0.07413802979,
    -0.073379400825,
    -0.072314087932,
    -0.067706649493,
    -0.067425044867,
    -0.066896029335,
    -0.0657149494,
    -0.06501108817,
    -0.064402486758,
    -0.063742608054,
    -0.063734782763,
    -0.063621451682,
    -0.063497609382,
    -0.062665558433,
    -0.061590724805,
    -0.06129106665,
    -0.059812481209,
    -0.058252587897,
    -0.05738210419,
    -0.057174996551,
    -0.056765696087,
    -0.056108927853,
    -0.054229698458,
    -0.051552975327,
    -0.050680787425,
    -0.05034566939,
    -0.050158364005,
    -0.050080860735
  ],
  "max_abs": 0.6158261351991788,
  "cert_found": true,
  "cert_bt": -39
}
