{"retained_argv": ["/usr/bin/python3", "<source>/existing/dsjc250/generate_lpbb.py", "pair_H1C", "<run>/jobs/dsjc250.tree.pair_H1C/attempt-001/out/pair_H1C.proof.json.gz", "0", "0"]}
GRAPH_SHA256 1b90f811e4d44f8937075865790b845e986b08b9da53caea57b2adf1c57383e7
{"numerical_runtime": {"python": "3.10.12 (main, Aug 31 2026, 10:18:17) [GCC 11.4.0]", "numpy": "1.26.4", "scipy": "1.15.3", "HiGHS_version": "1.8.0", "actual_HiGHS_threads": 1, "post_solve_tid_affinities": {"730442": [6]}, "worker_tid_limit": 1, "actual_native_limits": {"threads": 1, "time_limit": "infinity", "mip_max_nodes": 2147483647, "simplex_iteration_limit": 2147483647, "ipm_iteration_limit": 2147483647}}}
{"progress_nodes": 250, "leaves": 122, "branches": 127, "depth": 7, "elapsed": 48.08267688751221, "lp_time": 46.27647066116333}
{"progress_nodes": 500, "leaves": 244, "branches": 255, "depth": 14, "elapsed": 98.62309241294861, "lp_time": 95.0668032169342}
{"progress_nodes": 750, "leaves": 373, "branches": 376, "depth": 8, "elapsed": 146.71927976608276, "lp_time": 141.41514110565186}
{"progress_nodes": 1000, "leaves": 497, "branches": 502, "depth": 12, "elapsed": 192.50710725784302, "lp_time": 185.4975724220276}
{"progress_nodes": 1250, "leaves": 624, "branches": 625, "depth": 5, "elapsed": 235.97306370735168, "lp_time": 227.32916116714478}
{
  "status": "PROVED",
  "root": 1458,
  "nodes": 1459,
  "leaves": 730,
  "branches": 729,
  "elapsed": 272.43169498443604,
  "lp_time": 262.4078893661499,
  "proof_records": 1459,
  "out": "<run>/jobs/dsjc250.tree.pair_H1C/attempt-001/out/pair_H1C.proof.json.gz",
  "error": null
}
