{"retained_argv": ["/usr/bin/python3", "<source>/existing/dsjc1000/solve_conditional_lp_q5cap.py", "--sets", "<run>/jobs/dsjc1000.reconstruct/attempt-001/out/sets", "--scenario", "111", "--q5-cap", "134", "--out", "<run>/jobs/dsjc1000.lp.111/attempt-001/out/conditional_111", "--time-limit", "0"]}
{"stage": "built", "scenario": "111", "q5_cap": 134, "eligible_sets": 245310, "variables": 247551, "constraints_eq": 987}
Running HiGHS 1.8.0 (git hash: 222cce7): Copyright (c) 2024 HiGHS under MIT licence terms
Coefficient ranges:
  Matrix [1e+00, 1e+00]
  Cost   [4e+00, 1e+03]
  Bound  [1e+00, 1e+00]
  RHS    [1e+00, 1e+02]
Presolving model
988 rows, 247551 cols, 1453703 nonzeros  0s
988 rows, 247551 cols, 1453703 nonzeros  0s
Presolve : Reductions: rows 988(-0); columns 247551(-0); elements 1453703(-0) - Not reduced
Problem not reduced by presolve: solving the LP
Using EKK dual simplex solver - serial
  Iteration        Objective     Infeasibilities num(sum)
          0     0.0000000000e+00 Pr: 982(982) 1s
       1625     1.0750053760e+03 Pr: 278(36303) 6s
       2939     1.3582569720e+03 Pr: 218(55073) 12s
       4562     2.5548459724e+03 Pr: 247(30699.6) 17s
       5811     1.0182328194e+05 Pr: 247(1.05266e+06) 22s
       7002     1.0182341540e+05 Pr: 244(121650) 28s
       8189     1.0182342052e+05 Pr: 212(135453) 33s
       9274     1.0230343621e+05 Pr: 259(70777) 38s
      10412     1.0230343645e+05 Pr: 265(1.66665e+06); Du: 0(5.6956e-11) 43s
      11448     1.0230343650e+05 Pr: 313(680104) 48s
      12559     1.0230343653e+05 Pr: 295(28863.5); Du: 0(8.02487e-10) 53s
      13711     1.0230343655e+05 Pr: 354(310209) 58s
      14746     1.0230343657e+05 Pr: 372(168633); Du: 0(4.75057e-10) 63s
      15805     1.0230343662e+05 Pr: 295(43812.3) 68s
      16861     1.0230343665e+05 Pr: 273(59910.5); Du: 0(3.7312e-11) 73s
      17889     1.0230343668e+05 Pr: 292(62066) 79s
      18995     1.0230343672e+05 Pr: 313(23775.9) 84s
      20266     1.0230343675e+05 Pr: 248(13007.3); Du: 0(5.07493e-10) 89s
      21397     1.0230343678e+05 Pr: 337(112795) 94s
      22517     1.0230343679e+05 Pr: 317(5663.03) 99s
      23585     1.0230343680e+05 Pr: 232(29633.6); Du: 0(1.37614e-09) 104s
      24617     1.0230343680e+05 Pr: 349(24470.5); Du: 0(5.76639e-10) 110s
      25624     1.0230343681e+05 Pr: 255(9554.39) 115s
      26702     1.0230343682e+05 Pr: 405(636040) 121s
      27693     1.0230343683e+05 Pr: 381(131914) 126s
      28737     1.0230343684e+05 Pr: 395(180829) 132s
      29817     1.0230343685e+05 Pr: 394(77743.8) 137s
      30714     1.0230343686e+05 Pr: 280(11681.1); Du: 0(2.09023e-10) 142s
      31715     1.0230343687e+05 Pr: 308(15147.4); Du: 0(4.07139e-10) 147s
      32598     1.0230343687e+05 Pr: 440(85167.4) 152s
      33600     1.0230343688e+05 Pr: 402(46129.9); Du: 0(6.00816e-11) 157s
      34646     1.0230343689e+05 Pr: 352(137835); Du: 0(4.9122e-10) 163s
      35742     1.0230343689e+05 Pr: 348(25249.9) 168s
      36691     1.0230343690e+05 Pr: 305(4808.88) 173s
      37697     1.0230343691e+05 Pr: 410(30828.6); Du: 0(4.91195e-10) 178s
      38613     1.0230343691e+05 Pr: 439(75473.8); Du: 0(1.73822e-10) 184s
      39512     1.0230343692e+05 Pr: 319(5527.16); Du: 0(8.92854e-10) 189s
      40436     1.0230343692e+05 Pr: 316(2089.38); Du: 0(6.72926e-10) 194s
      41325     1.0230343693e+05 Pr: 313(49705.2) 200s
      42252     1.0230343693e+05 Pr: 412(61012.4) 205s
      43105     1.0230343694e+05 Pr: 357(16092.3); Du: 0(2.55089e-11) 210s
      43950     1.0230343694e+05 Pr: 451(32717.3); Du: 0(9.14024e-10) 215s
      44807     1.0230343694e+05 Pr: 318(4470.62) 220s
      45730     1.0230343695e+05 Pr: 313(18253) 226s
      46666     1.0230343695e+05 Pr: 342(46328.4) 231s
      47631     1.0230343695e+05 Pr: 387(16753) 236s
      48588     1.0230343696e+05 Pr: 268(5667.53) 242s
      49464     1.0230343696e+05 Pr: 415(54235.2) 247s
      50345     1.0230343696e+05 Pr: 392(7720.14); Du: 0(6.8594e-10) 252s
      51219     1.0230343696e+05 Pr: 319(3795.95) 258s
      52105     1.0230343697e+05 Pr: 301(6152.64) 263s
      53013     1.0230343697e+05 Pr: 223(2030.6); Du: 0(6.88701e-10) 268s
      53836     1.0230343697e+05 Pr: 452(29702.5) 273s
      54659     1.0230343697e+05 Pr: 417(4207.86); Du: 0(3.53017e-10) 279s
      55463     1.0230343698e+05 Pr: 376(7580.16) 284s
      56367     1.0230343698e+05 Pr: 448(48545.7) 289s
      57263     1.0230343698e+05 Pr: 275(1907.77); Du: 0(1.16026e-09) 295s
      58043     1.0230343698e+05 Pr: 322(2763.56); Du: 0(1.73259e-09) 300s
      58848     1.0230343698e+05 Pr: 409(23566.6); Du: 0(7.75826e-10) 305s
      59756     1.0230343699e+05 Pr: 275(6542.43); Du: 0(7.75911e-10) 310s
      60564     1.0230343699e+05 Pr: 423(5258.28); Du: 0(7.75713e-10) 315s
      61474     1.0230343699e+05 Pr: 366(15593.7); Du: 0(7.75883e-10) 321s
      62341     1.0230343699e+05 Pr: 363(6036.73) 326s
      63146     1.0230343700e+05 Pr: 337(2590.81) 332s
      63970     1.0230343700e+05 Pr: 293(15439.4) 337s
      64766     1.0230343700e+05 Pr: 436(99169.7); Du: 0(7.98585e-10) 342s
      65571     1.0230343700e+05 Pr: 419(20926.3); Du: 0(6.60017e-11) 347s
      66389     1.0230343700e+05 Pr: 306(2054.77); Du: 0(5.16599e-10) 352s
      67201     1.0230343701e+05 Pr: 329(1579.23) 357s
      68044     1.0230343701e+05 Pr: 369(4893.41) 363s
      68905     1.0230343701e+05 Pr: 252(4612.61) 368s
      69720     1.0230343701e+05 Pr: 448(25122.3); Du: 0(1.93284e-10) 373s
      70552     1.0230343702e+05 Pr: 238(2679.41); Du: 0(5.90207e-11) 378s
      71395     1.0230343702e+05 Pr: 323(10305.8) 384s
      72240     1.0230343702e+05 Pr: 291(1248) 389s
      73092     1.0230343702e+05 Pr: 287(2355.54) 394s
      73938     1.0230343702e+05 Pr: 239(1408.99) 400s
      74781     1.0230343703e+05 Pr: 481(412927) 405s
      75643     1.0230343703e+05 Pr: 239(2822.27) 411s
      76524     1.0230343703e+05 Pr: 350(20707.8) 416s
      77286     1.0230343703e+05 Pr: 402(3291.68) 421s
      78112     1.0230343703e+05 Pr: 245(1481.82); Du: 0(3.25388e-10) 427s
      78947     1.0230343703e+05 Pr: 340(4036); Du: 0(7.76545e-10) 432s
      79785     1.0230343703e+05 Pr: 211(1797.18) 438s
      80623     1.0230343704e+05 Pr: 382(11830.8); Du: 0(2.63225e-10) 443s
      81464     1.0230343704e+05 Pr: 475(368479) 448s
      82315     1.0230343704e+05 Pr: 307(7695.65) 453s
      83171     1.0230343704e+05 Pr: 277(8139.13) 459s
      84028     1.0230343704e+05 Pr: 373(9711.97) 464s
      84886     1.0230343704e+05 Pr: 163(5585.78) 469s
      85787     1.0230343704e+05 Pr: 328(6099.82) 475s
      86659     1.0230343705e+05 Pr: 165(6014.58); Du: 0(4.21558e-11) 480s
      87537     1.0230343705e+05 Pr: 185(2133.08) 486s
      88381     1.0230343705e+05 Pr: 478(201481); Du: 0(1.64573e-11) 491s
      89297     1.0230343705e+05 Pr: 412(16099.4) 496s
      90174     1.0230343706e+05 Pr: 310(1872.81); Du: 0(9.03821e-10) 502s
      91022     1.0230343706e+05 Pr: 401(9789.68) 507s
      91884     1.0230343706e+05 Pr: 317(4551.33) 512s
      92762     1.0230343706e+05 Pr: 306(6078.4) 518s
      93527     1.0230343706e+05 Pr: 409(110009) 523s
      94399     1.0230343706e+05 Pr: 316(4443.7) 528s
      95256     1.0230343706e+05 Pr: 260(11232.8) 534s
      96149     1.0230343707e+05 Pr: 407(45278.8); Du: 0(5.8708e-11) 540s
      97041     1.0230343707e+05 Pr: 420(31333.9) 545s
      97908     1.0230343707e+05 Pr: 301(2473.03); Du: 0(4.05628e-10) 550s
      98795     1.0230343707e+05 Pr: 203(768.673); Du: 0(3.68765e-10) 556s
      99594     1.0230343707e+05 Pr: 213(1982.84); Du: 0(6.05133e-10) 561s
     100366     1.0230343707e+05 Pr: 415(29271.4) 566s
     101176     1.0230343707e+05 Pr: 230(28947.1); Du: 0(4.08741e-10) 571s
     102077     1.0230343707e+05 Pr: 233(1239.67) 577s
     102977     1.0230343708e+05 Pr: 320(13976) 582s
     103843     1.0230343708e+05 Pr: 173(1399.01) 587s
     104660     1.0230343708e+05 Pr: 301(2522.52) 592s
     105563     1.0230343708e+05 Pr: 210(10123.7) 598s
     106400     1.0230343708e+05 Pr: 293(11832.8) 603s
     107180     1.0230343708e+05 Pr: 394(16189.4) 608s
     107999     1.0230343708e+05 Pr: 225(791.781); Du: 0(3.37673e-10) 613s
     108830     1.0230343708e+05 Pr: 355(5282.16) 619s
     109630     1.0230343708e+05 Pr: 172(916.793); Du: 0(4.91042e-10) 624s
     110414     1.0230343709e+05 Pr: 363(1573.28) 629s
     111120     1.0230343709e+05 Pr: 192(1322.3) 635s
     111927     1.0230343709e+05 Pr: 290(1099.58); Du: 0(1.15973e-10) 640s
     112808     1.0230343709e+05 Pr: 224(5290.56) 645s
     113649     1.0230343709e+05 Pr: 218(2972.26); Du: 0(5.18533e-10) 651s
     114612     1.0230343710e+05 Pr: 206(12914.9) 656s
     115544     1.0230343710e+05 Pr: 187(2528.43) 662s
     116455     1.0230343710e+05 Pr: 360(5121.34); Du: 0(2.074e-10) 667s
     117304     1.0230343710e+05 Pr: 243(45534.2); Du: 0(6.20565e-10) 672s
     118114     1.0230343710e+05 Pr: 279(17816.4) 678s
     118961     1.0230343710e+05 Pr: 212(584.366) 683s
     119797     1.0230343710e+05 Pr: 214(1048.98); Du: 0(7.84536e-12) 688s
     120607     1.0230343710e+05 Pr: 383(3154.22); Du: 0(9.10139e-10) 694s
     121440     1.0230343710e+05 Pr: 154(7361.93); Du: 0(5.77389e-10) 699s
     122299     1.0230343710e+05 Pr: 154(2045.71); Du: 0(3.83752e-10) 705s
     123198     1.0230343710e+05 Pr: 200(5552.65) 710s
     124044     1.0230343711e+05 Pr: 175(3196.58) 716s
     124859     1.0230343711e+05 Pr: 194(1540.12) 721s
     125702     1.0230343711e+05 Pr: 341(2008.31); Du: 0(6.44996e-10) 727s
     126543     1.0230343711e+05 Pr: 274(1106.61) 732s
     127379     1.0230343711e+05 Pr: 475(347394) 737s
     128296     1.0230343711e+05 Pr: 456(208247); Du: 0(9.97515e-10) 743s
     129206     1.0230343711e+05 Pr: 216(1547.45) 748s
     130042     1.0230343712e+05 Pr: 340(3623.1) 753s
     130883     1.0230343712e+05 Pr: 459(8113.43) 758s
     131793     1.0230343712e+05 Pr: 221(794.533) 764s
     132626     1.0230343712e+05 Pr: 192(3073.23); Du: 0(9.83052e-10) 769s
     133444     1.0230343712e+05 Pr: 294(1316.11); Du: 0(3.4264e-10) 774s
     134281     1.0230343712e+05 Pr: 197(526.653); Du: 0(2.00794e-10) 779s
     135123     1.0230343712e+05 Pr: 192(1159.77) 785s
     135969     1.0230343712e+05 Pr: 245(285.885) 790s
     136810     1.0230343712e+05 Pr: 373(5253.34); Du: 0(1.20222e-10) 795s
     137685     1.0230343713e+05 Pr: 221(1034.36); Du: 0(9.04964e-11) 801s
     138524     1.0230343713e+05 Pr: 189(879.331) 806s
     139372     1.0230343713e+05 Pr: 180(2285.82); Du: 0(3.39497e-10) 812s
     140237     1.0230343713e+05 Pr: 149(1255.8); Du: 0(8.00571e-10) 817s
     141084     1.0230343713e+05 Pr: 200(2047.91) 823s
     141933     1.0230343713e+05 Pr: 217(2031.97) 828s
     142780     1.0230343713e+05 Pr: 165(495.807) 833s
     143616     1.0230343713e+05 Pr: 186(495.504) 839s
     144462     1.0230343713e+05 Pr: 175(642.384) 844s
     145283     1.0230343713e+05 Pr: 342(896.399); Du: 0(4.01367e-10) 850s
     146030     1.0230343713e+05 Pr: 176(427.535); Du: 0(9.92408e-10) 855s
     146780     1.0230343713e+05 Pr: 195(358.3); Du: 0(1.57059e-09) 860s
     147525     1.0230343713e+05 Pr: 214(444.669); Du: 0(1.60459e-09) 865s
     148274     1.0230343713e+05 Pr: 197(174.553) 870s
     149121     1.0230343713e+05 Pr: 197(450.165) 875s
     149964     1.0230343713e+05 Pr: 277(11421) 881s
     150753     1.0230343714e+05 Pr: 379(2261.53) 886s
     151519     1.0230343714e+05 Pr: 412(9216.08) 891s
     152357     1.0230343714e+05 Pr: 362(6559.32) 896s
     153193     1.0230343714e+05 Pr: 331(1044.91) 902s
     154034     1.0230343714e+05 Pr: 367(2035.58) 907s
     154803     1.0230343714e+05 Pr: 324(12822.5) 913s
     155667     1.0230343714e+05 Pr: 322(1294.26) 918s
     156492     1.0230343714e+05 Pr: 268(5870.92) 924s
     157330     1.0230343714e+05 Pr: 234(524.74) 929s
     158185     1.0230343714e+05 Pr: 336(3722.55); Du: 0(8.9869e-10) 935s
     159054     1.0230343714e+05 Pr: 299(1944.6) 940s
     159912     1.0230343714e+05 Pr: 234(2097.5) 946s
     160697     1.0230343714e+05 Pr: 295(650.69); Du: 0(8.06544e-11) 951s
     161478     1.0230343714e+05 Pr: 180(212.762) 956s
     162274     1.0230343715e+05 Pr: 225(250.394); Du: 0(2.10959e-10) 961s
     163030     1.0230343715e+05 Pr: 252(7938.43) 966s
     163880     1.0230343715e+05 Pr: 220(446.985) 972s
     164636     1.0230343715e+05 Pr: 325(2012.36); Du: 0(2.85103e-11) 977s
     165460     1.0230343715e+05 Pr: 242(476.098); Du: 0(4.78764e-11) 982s
     166205     1.0230343715e+05 Pr: 346(2105.43) 987s
     166953     1.0230343715e+05 Pr: 395(1600.68) 993s
     167691     1.0230343715e+05 Pr: 395(1396.99) 998s
     168425     1.0230343715e+05 Pr: 241(222.596) 1003s
     175825     1.0230343716e+05 Pr: 206(5871.23) 1053s
     183325     1.0230343716e+05 Pr: 276(446.537); Du: 0(6.11319e-10) 1103s
     190770     1.0230343717e+05 Pr: 401(1866.71) 1154s
     198267     1.0230343718e+05 Pr: 222(171.072) 1204s
     205732     1.0230343719e+05 Pr: 305(1795.98) 1254s
     213236     1.0230343720e+05 Pr: 301(742.069) 1305s
     220746     1.0230343721e+05 Pr: 412(1223.56); Du: 0(5.36407e-10) 1355s
     228360     1.0230343724e+05 Pr: 335(610.013) 1406s
     236106     1.0230343733e+05 Pr: 403(1305.07) 1456s
     244442     1.0230344033e+05 Pr: 449(29586.5) 1506s
     252746     1.0230424702e+05 Pr: 285(504.361) 1556s
     260079     1.0230642660e+05 Pr: 377(473.588) 1607s
     265123     1.0230758321e+05 Pr: 0(0) 1641s
Model status        : Optimal
Simplex   iterations: 265123
Objective value     :  1.0230758321e+05
Relative P-D gap    :  1.0810005697e-14
HiGHS run time      :       1641.15
{"numerical_runtime": {"python": "3.10.12 (main, Aug 31 2026, 10:18:17) [GCC 11.4.0]", "numpy": "1.26.4", "scipy": "1.15.3", "HiGHS_version": "1.8.0", "actual_HiGHS_threads": 1, "post_solve_tid_affinities": {"764849": [6]}, "worker_tid_limit": 1, "actual_native_limits": {"threads": 1, "time_limit": "infinity", "mip_max_nodes": 2147483647, "simplex_iteration_limit": 2147483647, "ipm_iteration_limit": 2147483647}}}
FINAL {
  "schema": "dsjc1000_conditional_lp_q5cap_numerical_v1",
  "scenario": "111",
  "selected_top_classes": [
    [
      52,
      54,
      175,
      319,
      501,
      704
    ],
    [
      76,
      145,
      184,
      672,
      793,
      805
    ],
    [
      129,
      150,
      181,
      321,
      456,
      762
    ]
  ],
  "k": 3,
  "q5_cap": 134,
  "constant": 36,
  "status": 0,
  "success": true,
  "message": "Optimization terminated successfully. (HiGHS Status 7: Optimal)",
  "variable_objective": 102307.583214856,
  "total_objective": 102343.583214856,
  "iterations": 265123,
  "timing_seconds": {
    "load_filter": 0.45643010595813394,
    "build": 0.7888282369822264,
    "solve": 1642.1491523911245,
    "total": 1643.3944107340649
  },
  "peak_rss_kib": 506076,
  "q_residual_by_threshold": [
    213.51336961246895,
    212.84324546870465,
    211.9999999999992,
    209.64338491882557,
    134.00000000000003
  ],
  "q5_ub_marginal": -65.72949453451598
}
