{"retained_argv": ["/usr/bin/python3", "<source>/existing/dsjc500/baseline/find_farkas.py", "--graph", "<source>/input/graphs/DSJC500.9.col", "--packing", "1", "--out", "<run>/jobs/dsjc500.farkas.P1/attempt-001/out/farkas101_7_P1.json"]}
{"numerical_runtime": {"python": "3.10.12 (main, Aug 31 2026, 10:18:17) [GCC 11.4.0]", "numpy": "1.26.4", "scipy": "1.15.3", "HiGHS_version": "1.8.0", "actual_HiGHS_threads": 1, "post_solve_tid_affinities": {"732621": [6]}, "worker_tid_limit": 1, "actual_native_limits": {"threads": 1, "time_limit": "infinity", "mip_max_nodes": 2147483647, "simplex_iteration_limit": 2147483647, "ipm_iteration_limit": 2147483647}}}
{
  "packing": 1,
  "status": 0,
  "message": "Optimization terminated successfully. (HiGHS Status 7: Optimal)",
  "seconds": 1.549026011954993,
  "bt": -1.0000000000000027,
  "min_aty": -1.67019176267047e-14,
  "nonzero": 420,
  "distinct_values": [
    -0.903367528648,
    -0.842825283885,
    -0.811389486057,
    -0.790888875647,
    -0.712621976269,
    -0.67682753318,
    -0.675966933988,
    -0.619937535347,
    -0.597799150803,
    -0.569443455986,
    -0.543871830618,
    -0.538943069234,
    -0.505792437387,
    -0.492368037097,
    -0.490835447408,
    -0.468375199581,
    -0.46523119684,
    -0.427662334,
    -0.414956978213,
    -0.409698319216,
    -0.377186239294,
    -0.377101693528,
    -0.371792961455,
    -0.369745773465,
    -0.353449074508,
    -0.337899100994,
    -0.335745659764,
    -0.334253055394,
    -0.332904683242,
    -0.316813048841,
    -0.312070366085,
    -0.304487116162,
    -0.299650116906,
    -0.284151095543,
    -0.279473879213,
    -0.278393890196,
    -0.263508504152,
    -0.253016560771,
    -0.245756893003,
    -0.245520404356,
    -0.243102217596,
    -0.237759945004,
    -0.234901886721,
    -0.234796601737,
    -0.229062908806,
    -0.209227075687,
    -0.206786180521,
    -0.20587580514,
    -0.205489968289,
    -0.203451843334,
    -0.200348320909,
    -0.197828126994,
    -0.191740541936,
    -0.190447301251,
    -0.189648002536,
    -0.18522643135,
    -0.184881296731,
    -0.184060231417,
    -0.180842166938,
    -0.179348013331,
    -0.176738601454,
    -0.175192439626,
    -0.174773262867,
    -0.170261440406,
    -0.168610874979,
    -0.161877174649,
    -0.161104164437,
    -0.160571660099,
    -0.154931328157,
    -0.153076113608,
    -0.151887876732,
    -0.149917206104,
    -0.148691782482,
    -0.146093446995,
    -0.14417020687,
    -0.141398081746,
    -0.137835874415,
    -0.136422019283,
    -0.132237590579,
    -0.128957119637,
    -0.128813317448,
    -0.127320316266,
    -0.125169770532,
    -0.123532669149,
    -0.122149864858,
    -0.121742251764,
    -0.119869722076,
    -0.118062422337,
    -0.117824432951,
    -0.112132851698,
    -0.10917419932,
    -0.107108295351,
    -0.105930071327,
    -0.105116611713,
    -0.101337537734,
    -0.100918253993,
    -0.095356197891,
    -0.0948071347,
    -0.092495895178,
    -0.091643247238
  ],
  "max_abs": 0.9581217306705225,
  "cert_found": true,
  "cert_bt": -57
}
