{"retained_argv": ["/usr/bin/python3", "<source>/existing/dsjc1000/solve_conditional_lp.py", "--sets", "<run>/jobs/dsjc1000.reconstruct/attempt-001/out/sets", "--scenario", "101", "--out-root", "<run>/jobs/dsjc1000.lp.101/attempt-001/out", "--time-limit", "0"]}
{"stage": "built", "scenario": "101", "k": 2, "eligible_sets": 250234, "variables": 252489, "constraints": 993, "nnz": 1483647, "constant": 18}
Running HiGHS 1.8.0 (git hash: 222cce7): Copyright (c) 2024 HiGHS under MIT licence terms
Coefficient ranges:
  Matrix [1e+00, 1e+00]
  Cost   [3e+00, 1e+03]
  Bound  [1e+00, 1e+00]
  RHS    [1e+00, 1e+00]
Presolving model
993 rows, 252489 cols, 1483647 nonzeros  0s
993 rows, 252489 cols, 1483647 nonzeros  0s
Presolve : Reductions: rows 993(-0); columns 252489(-0); elements 1483647(-0) - Not reduced
Problem not reduced by presolve: solving the LP
Using EKK dual simplex solver - serial
  Iteration        Objective     Infeasibilities num(sum)
          0     0.0000000000e+00 Pr: 988(988) 1s
       2705     1.8702583311e+03 Pr: 216(6533) 6s
       4536     3.6813497547e+03 Pr: 229(7917.42); Du: 0(2.49621e-14) 11s
       6155     4.7314641287e+03 Pr: 184(11186.9) 17s
       7449     1.0008539879e+05 Pr: 255(272699) 22s
       8492     1.0008542453e+05 Pr: 252(284700) 27s
       9644     1.0008542605e+05 Pr: 227(812426); Du: 0(8.88561e-10) 32s
      10830     1.0008542634e+05 Pr: 269(147184) 38s
      11994     1.0008542644e+05 Pr: 250(87677) 43s
      13198     1.0008542652e+05 Pr: 271(76657.1); Du: 0(4.92938e-10) 48s
      14274     1.0008542656e+05 Pr: 308(3.9628e+06); Du: 0(1.04637e-09) 53s
      15383     1.0008542662e+05 Pr: 278(53530); Du: 0(9.06106e-12) 58s
      16574     1.0008542664e+05 Pr: 291(30655); Du: 0(2.93126e-10) 63s
      17544     1.0008542666e+05 Pr: 263(21949.2); Du: 0(1.57412e-10) 68s
      18715     1.0008542668e+05 Pr: 317(116920); Du: 0(6.48715e-10) 73s
      19962     1.0008542669e+05 Pr: 337(95757.8) 79s
      21105     1.0008542671e+05 Pr: 359(33081.3) 84s
      22215     1.0008542672e+05 Pr: 285(4750.83); Du: 0(1.29285e-09) 89s
      23176     1.0008542673e+05 Pr: 330(66343.2); Du: 0(4.4129e-10) 94s
      24167     1.0008542673e+05 Pr: 263(42690.2) 100s
      25214     1.0008542674e+05 Pr: 329(18825.6) 105s
      26032     1.0008542674e+05 Pr: 305(11997.5); Du: 0(5.95685e-10) 110s
      26857     1.0008542675e+05 Pr: 315(18876.4) 115s
      27836     1.0008542675e+05 Pr: 286(17734.9); Du: 0(1.00123e-10) 120s
      28785     1.0008542675e+05 Pr: 335(36203.7); Du: 0(6.73586e-10) 126s
      29736     1.0008542676e+05 Pr: 273(21222.8); Du: 0(1.25932e-10) 131s
      30593     1.0008542676e+05 Pr: 230(29084.7); Du: 0(4.05576e-10) 136s
      31576     1.0008542676e+05 Pr: 303(6651.21) 141s
      32511     1.0008542677e+05 Pr: 272(21693) 146s
      33472     1.0008542678e+05 Pr: 348(4.71151e+06) 152s
      34358     1.0008542678e+05 Pr: 301(194369); Du: 0(1.26556e-09) 157s
      35233     1.0008542679e+05 Pr: 295(52544.8); Du: 0(5.85625e-10) 162s
      36114     1.0008542679e+05 Pr: 347(30322.4) 167s
      37026     1.0008542680e+05 Pr: 373(160685); Du: 0(6.06851e-10) 172s
      38030     1.0008542681e+05 Pr: 373(33331.8) 177s
      39008     1.0008542683e+05 Pr: 305(115497); Du: 0(1.39054e-10) 182s
      40055     1.0008542683e+05 Pr: 268(7290.28); Du: 0(4.75062e-10) 188s
      40907     1.0008542684e+05 Pr: 338(122845); Du: 0(8.23432e-10) 193s
      41801     1.0008542684e+05 Pr: 343(13398.3); Du: 0(4.97117e-10) 198s
      42653     1.0008542684e+05 Pr: 299(6262.45); Du: 0(8.38895e-10) 203s
      43497     1.0008542685e+05 Pr: 336(9235.8); Du: 0(6.5116e-10) 208s
      44467     1.0008542688e+05 Pr: 299(15229); Du: 0(9.40624e-10) 213s
      45408     1.0008542691e+05 Pr: 317(99693.1); Du: 0(3.19176e-09) 218s
      46554     1.0008542694e+05 Pr: 286(25510.9) 223s
      47744     1.0008542696e+05 Pr: 364(547098) 229s
      48871     1.0008542698e+05 Pr: 281(368977) 234s
      50039     1.0008542699e+05 Pr: 297(96305.2) 239s
      51034     1.0008542700e+05 Pr: 361(135378) 244s
      52036     1.0008542700e+05 Pr: 331(408159); Du: 0(9.57682e-10) 249s
      52991     1.0008542701e+05 Pr: 366(434605); Du: 0(7.40636e-10) 254s
      54080     1.0008542702e+05 Pr: 336(219240); Du: 0(9.53817e-10) 260s
      55094     1.0008542704e+05 Pr: 296(296698) 265s
      56307     1.0008542707e+05 Pr: 249(3.40009e+06); Du: 0(8.49893e-10) 270s
      57332     1.0008542707e+05 Pr: 342(109133); Du: 0(3.98318e-10) 275s
      58444     1.0008542708e+05 Pr: 282(302411); Du: 0(6.91942e-10) 280s
      59402     1.0008542709e+05 Pr: 302(88180.7); Du: 0(3.16961e-09) 286s
      60429     1.0008542709e+05 Pr: 407(1.44426e+06); Du: 0(9.93864e-10) 291s
      61459     1.0008542710e+05 Pr: 278(382991); Du: 0(2.25139e-10) 296s
      62464     1.0008542711e+05 Pr: 264(178752) 301s
      63559     1.0008542711e+05 Pr: 319(29212.3); Du: 0(7.40932e-10) 306s
      64596     1.0008542712e+05 Pr: 349(99504.5) 311s
      65471     1.0008542712e+05 Pr: 399(780717); Du: 0(3.35013e-10) 316s
      66425     1.0008542712e+05 Pr: 326(32118.6); Du: 0(2.71983e-11) 321s
      67295     1.0008542712e+05 Pr: 288(16444); Du: 0(6.06735e-10) 327s
      68113     1.0008542713e+05 Pr: 325(19322.4); Du: 0(1.98528e-10) 332s
      68981     1.0008542713e+05 Pr: 358(71141); Du: 0(2.80937e-10) 337s
      69972     1.0008542714e+05 Pr: 392(187733) 343s
      71021     1.0008542715e+05 Pr: 321(35998.8); Du: 0(6.01361e-11) 348s
      71976     1.0008542715e+05 Pr: 410(28918.8); Du: 0(9.65677e-10) 353s
      72823     1.0008542715e+05 Pr: 371(25463.8) 358s
      73868     1.0008542716e+05 Pr: 397(191782); Du: 0(9.26934e-10) 364s
      74908     1.0008542716e+05 Pr: 340(136147); Du: 0(5.28973e-10) 369s
      75860     1.0008542717e+05 Pr: 329(37614.7); Du: 0(7.49762e-10) 374s
      76958     1.0008542719e+05 Pr: 392(866863); Du: 0(1.05755e-09) 379s
      78121     1.0008542720e+05 Pr: 316(148609); Du: 0(1.58073e-10) 384s
      79286     1.0008542721e+05 Pr: 399(6.13911e+06); Du: 0(7.93377e-10) 389s
      80347     1.0008542722e+05 Pr: 389(877294) 395s
      81317     1.0008542722e+05 Pr: 332(4227.53) 400s
      82211     1.0008542722e+05 Pr: 426(62348.2) 405s
      83119     1.0008542723e+05 Pr: 377(42184.4); Du: 0(9.77649e-10) 410s
      83933     1.0008542723e+05 Pr: 376(41085.3); Du: 0(3.087e-11) 415s
      84785     1.0008542723e+05 Pr: 411(94168.7) 421s
      85721     1.0008542723e+05 Pr: 242(3132.68) 426s
      86588     1.0008542723e+05 Pr: 267(8793.63) 431s
      87468     1.0008542724e+05 Pr: 418(16208.8) 437s
      88283     1.0008542724e+05 Pr: 359(23526.1); Du: 0(9.96402e-10) 442s
      89129     1.0008542724e+05 Pr: 398(19885.4) 447s
      90021     1.0008542724e+05 Pr: 365(49591.1); Du: 0(1.31256e-10) 453s
      90842     1.0008542725e+05 Pr: 349(9663.77) 458s
      91749     1.0008542725e+05 Pr: 300(4640.89); Du: 0(2.07323e-10) 463s
      92654     1.0008542726e+05 Pr: 352(12009); Du: 0(3.39692e-10) 469s
      93663     1.0008542727e+05 Pr: 382(6728.63) 474s
      94636     1.0008542727e+05 Pr: 429(2.44696e+06) 479s
      95656     1.0008542728e+05 Pr: 422(192613) 484s
      96649     1.0008542729e+05 Pr: 452(38750.8) 489s
      97581     1.0008542730e+05 Pr: 417(282068) 494s
      98828     1.0008542739e+05 Pr: 319(68380.5) 500s
     100461     1.0102620068e+05 Pr: 256(11068.8) 505s
     101630     1.0124507533e+05 Pr: 372(14725.4) 510s
     102651     1.0132737303e+05 Pr: 256(4495.12) 515s
     103641     1.0139331262e+05 Pr: 350(57478.1) 520s
     104583     1.0142794698e+05 Pr: 187(7248.92) 525s
     105486     1.0148124693e+05 Pr: 317(6479.34) 530s
     106498     1.0153540456e+05 Pr: 304(8118.33) 536s
     107484     1.0162013454e+05 Pr: 360(5418.4) 541s
     108471     1.0169135983e+05 Pr: 163(1218.81) 547s
     109374     1.0174120537e+05 Pr: 331(2479.15) 552s
     110285     1.0177282768e+05 Pr: 171(3667.19); Du: 0(7.65691e-10) 557s
     111245     1.0179349955e+05 Pr: 136(5722.17); Du: 0(8.73591e-10) 563s
     112163     1.0187337324e+05 Pr: 334(28977.8) 568s
     113054     1.0193433545e+05 Pr: 321(31948.1); Du: 0(8.57502e-10) 573s
     113902     1.0195854327e+05 Pr: 234(16064.2); Du: 0(3.87663e-10) 578s
     114780     1.0199041305e+05 Pr: 427(38624.3); Du: 0(1.10999e-10) 584s
     115700     1.0201584329e+05 Pr: 144(1542.21); Du: 0(1.38251e-11) 589s
     116540     1.0202056987e+05 Pr: 332(16413.9) 594s
     117407     1.0202516025e+05 Pr: 152(6935.95) 599s
     118234     1.0202894804e+05 Pr: 238(505.347) 605s
     119141     1.0206176504e+05 Pr: 236(2866.49) 610s
     120005     1.0207631984e+05 Pr: 219(2433.59); Du: 0(2.73076e-10) 615s
     120971     1.0218381128e+05 Pr: 374(3791.95) 621s
     121836     1.0220240348e+05 Pr: 126(509.413); Du: 0(1.47882e-10) 626s
     122737     1.0222142484e+05 Pr: 165(2550.47) 631s
     123537     1.0222224413e+05 Pr: 146(492.967); Du: 0(9.9248e-10) 636s
     124407     1.0223306620e+05 Pr: 305(3493.57); Du: 0(7.28246e-10) 642s
     125318     1.0229375458e+05 Pr: 417(29805.7) 647s
     126195     1.0231171868e+05 Pr: 136(394.537) 652s
     127095     1.0231966218e+05 Pr: 131(1852.89) 658s
     127963     1.0232220487e+05 Pr: 153(14068.5) 663s
     128762     1.0232221833e+05 Pr: 175(2729.31) 668s
     129633     1.0232292594e+05 Pr: 171(3246.84); Du: 0(6.86689e-10) 674s
     130411     1.0232338530e+05 Pr: 170(1977.5) 679s
     131186     1.0232340256e+05 Pr: 176(2653.02) 684s
     132048     1.0234147527e+05 Pr: 199(9993.83) 690s
     132911     1.0234305240e+05 Pr: 134(568.289) 695s
     133674     1.0234414846e+05 Pr: 178(4065.44); Du: 0(7.8512e-10) 700s
     134438     1.0234502863e+05 Pr: 141(668.382) 705s
     135299     1.0234580290e+05 Pr: 154(785.657) 711s
     136127     1.0234583738e+05 Pr: 164(1051.22) 717s
     136901     1.0234583738e+05 Pr: 139(1288.34) 722s
     137648     1.0234583739e+05 Pr: 148(6453.28); Du: 0(6.05378e-10) 727s
     138401     1.0234583746e+05 Pr: 156(1943.98) 732s
     139167     1.0234583746e+05 Pr: 146(4368.25) 737s
     139917     1.0234583746e+05 Pr: 167(12360.5); Du: 0(3.69704e-10) 742s
     140646     1.0234583747e+05 Pr: 144(331.59); Du: 0(1.49636e-11) 748s
     141384     1.0234583747e+05 Pr: 125(182.807) 753s
     142180     1.0234583747e+05 Pr: 137(847.113) 758s
     143004     1.0234583747e+05 Pr: 142(2107.26) 764s
     143803     1.0234583747e+05 Pr: 164(405.151) 769s
     144557     1.0234583748e+05 Pr: 130(162.823) 775s
     145375     1.0234583748e+05 Pr: 111(974.508); Du: 0(6.38252e-10) 780s
     146114     1.0234583748e+05 Pr: 151(520.124) 785s
     146915     1.0234583748e+05 Pr: 164(202.479) 791s
     147697     1.0234583749e+05 Pr: 195(3282.2) 796s
     148470     1.0234583750e+05 Pr: 184(14661.1) 802s
     149213     1.0234583750e+05 Pr: 163(6749.09) 807s
     149956     1.0234583751e+05 Pr: 179(1137.18) 812s
     150698     1.0234583751e+05 Pr: 164(122281) 817s
     151456     1.0234583752e+05 Pr: 172(37300.2); Du: 0(4.73018e-10) 822s
     152235     1.0234583753e+05 Pr: 191(7773.39) 827s
     152990     1.0234583754e+05 Pr: 169(102138); Du: 0(3.87153e-11) 832s
     153747     1.0234583755e+05 Pr: 175(1287.27) 838s
     154512     1.0234583756e+05 Pr: 169(4543.32) 843s
     155270     1.0234583759e+05 Pr: 147(1557.65) 848s
     156021     1.0234583767e+05 Pr: 169(7064.11) 853s
     156814     1.0234583822e+05 Pr: 197(23217.2); Du: 0(1.96304e-10) 858s
     157641     1.0234736072e+05 Pr: 210(7520.75) 864s
     158435     1.0234969139e+05 Pr: 212(3484.69) 869s
     159242     1.0235248841e+05 Pr: 187(5190.63) 875s
     160048     1.0235434219e+05 Pr: 300(10492.2) 881s
     160800     1.0235618744e+05 Pr: 211(2641.44) 886s
     161562     1.0235752847e+05 Pr: 173(212.978) 891s
     162322     1.0235878391e+05 Pr: 201(1283.04) 896s
     163075     1.0235970790e+05 Pr: 214(1452.84) 902s
     163854     1.0236078066e+05 Pr: 250(1376.26) 907s
     164649     1.0236168248e+05 Pr: 137(100.554) 913s
     165443     1.0236246281e+05 Pr: 192(216.056) 918s
     166199     1.0236311304e+05 Pr: 125(69.4504) 923s
     167026     1.0236364742e+05 Pr: 126(56.3383) 929s
     167843     1.0236444295e+05 Pr: 172(86.173) 935s
     168564     1.0236488500e+05 Pr: 158(60.2751) 940s
     169286     1.0236532155e+05 Pr: 94(27.0996) 945s
     170091     1.0236599080e+05 Pr: 157(41.0928) 951s
     170840     1.0236628927e+05 Pr: 194(53.877) 956s
     171570     1.0236702644e+05 Pr: 174(70.1448) 961s
     172304     1.0236745685e+05 Pr: 305(302.219) 967s
     173026     1.0236787582e+05 Pr: 187(65.5325) 972s
     173775     1.0236831991e+05 Pr: 260(337.656) 977s
     174484     1.0236881625e+05 Pr: 219(125.091) 982s
     175243     1.0236920626e+05 Pr: 178(67.9394) 988s
     175992     1.0236947017e+05 Pr: 62(12.7403) 993s
     176762     1.0236983558e+05 Pr: 143(36.6497) 998s
     177537     1.0237035761e+05 Pr: 125(31.0601) 1004s
     184566     1.0237561261e+05 Pr: 56(7.44448) 1054s
     188688     1.0237738259e+05 Pr: 0(0); Du: 0(5.68434e-14) 1084s
Model status        : Optimal
Simplex   iterations: 188688
Objective value     :  1.0237738259e+05
Relative P-D gap    :  1.5777533567e-14
HiGHS run time      :       1083.69
{"numerical_runtime": {"python": "3.10.12 (main, Aug 31 2026, 10:18:17) [GCC 11.4.0]", "numpy": "1.26.4", "scipy": "1.15.3", "HiGHS_version": "1.8.0", "actual_HiGHS_threads": 1, "post_solve_tid_affinities": {"757208": [6]}, "worker_tid_limit": 1, "actual_native_limits": {"threads": 1, "time_limit": "infinity", "mip_max_nodes": 2147483647, "simplex_iteration_limit": 2147483647, "ipm_iteration_limit": 2147483647}}}
FINAL {
  "schema": "dsjc1000_conditional_lp_numerical_v1",
  "scenario": "101",
  "selected_top_classes": [
    [
      52,
      54,
      175,
      319,
      501,
      704
    ],
    [
      129,
      150,
      181,
      321,
      456,
      762
    ]
  ],
  "k": 2,
  "residual_vertices": 988,
  "eligible_sets": 250234,
  "variables": 252489,
  "constraints": 993,
  "nonzeros": 1483647,
  "constant": 18,
  "status": 0,
  "success": true,
  "message": "Optimization terminated successfully. (HiGHS Status 7: Optimal)",
  "variable_objective": 102377.382588991,
  "total_objective": 102395.382588991,
  "iterations": 188688,
  "timing_seconds": {
    "load_filter": 0.45747438026592135,
    "build": 0.906604787800461,
    "solve": 1084.727413454093,
    "total": 1086.0914926221594
  },
  "peak_rss_kib": 512144,
  "scipy": "1.15.3",
  "q_residual_by_threshold": [
    216.00000000000097,
    214.65431933754343,
    212.9999999999994,
    207.00000000000142,
    137.34568066245822
  ],
  "x_positive": 985
}
