{"retained_argv": ["/usr/bin/python3", "<source>/existing/dsjc500/baseline/find_farkas.py", "--graph", "<source>/input/graphs/DSJC500.9.col", "--packing", "7", "--out", "<run>/jobs/dsjc500.farkas.P7/attempt-001/out/farkas101_7_P7.json"]}
{"numerical_runtime": {"python": "3.10.12 (main, Aug 31 2026, 10:18:17) [GCC 11.4.0]", "numpy": "1.26.4", "scipy": "1.15.3", "HiGHS_version": "1.8.0", "actual_HiGHS_threads": 1, "post_solve_tid_affinities": {"732940": [6]}, "worker_tid_limit": 1, "actual_native_limits": {"threads": 1, "time_limit": "infinity", "mip_max_nodes": 2147483647, "simplex_iteration_limit": 2147483647, "ipm_iteration_limit": 2147483647}}}
{
  "packing": 7,
  "status": 0,
  "message": "Optimization terminated successfully. (HiGHS Status 7: Optimal)",
  "seconds": 1.436317462939769,
  "bt": -1.0000000000223022,
  "min_aty": -4.053565989814434e-11,
  "nonzero": 419,
  "distinct_values": [
    -1.123670866535,
    -1.07200619368,
    -1.027921515782,
    -1.005225943065,
    -0.859634690115,
    -0.77430830128,
    -0.763879212807,
    -0.747223821709,
    -0.744666300873,
    -0.668733431582,
    -0.635535011168,
    -0.634176819423,
    -0.619684814045,
    -0.604705107601,
    -0.599363090106,
    -0.599231624758,
    -0.551627814814,
    -0.533073347036,
    -0.521578625214,
    -0.499334836392,
    -0.464517048619,
    -0.453694320535,
    -0.447400373654,
    -0.430897802645,
    -0.417768870307,
    -0.393526381295,
    -0.359213013867,
    -0.355199110099,
    -0.345893666671,
    -0.327125679604,
    -0.314367887322,
    -0.306107359711,
    -0.296116718311,
    -0.293035491217,
    -0.291356214805,
    -0.278422699697,
    -0.271464720462,
    -0.259033426052,
    -0.246657334916,
    -0.245015814791,
    -0.244748835004,
    -0.241465506036,
    -0.238735432531,
    -0.228188247763,
    -0.227486341263,
    -0.227486341256,
    -0.22463958252,
    -0.223747291225,
    -0.222490360379,
    -0.217075768941,
    -0.207557647123,
    -0.205412352469,
    -0.203971700461,
    -0.196467611675,
    -0.185324991595,
    -0.182067266569,
    -0.180443822327,
    -0.177240935738,
    -0.175352344153,
    -0.173099213097,
    -0.172668571405,
    -0.171859836428,
    -0.169974944374,
    -0.161308818606,
    -0.156335471401,
    -0.155699714929,
    -0.155699714923,
    -0.154712068027,
    -0.154597272702,
    -0.152568393319,
    -0.152320768156,
    -0.150830900576,
    -0.150270421273,
    -0.149029905328,
    -0.146278256813,
    -0.143986750717,
    -0.14301310983,
    -0.141429745388,
    -0.140537116355,
    -0.140014044758,
    -0.140014044754,
    -0.13736830147,
    -0.136446666307,
    -0.134734771278,
    -0.134321759542,
    -0.129518974713,
    -0.129243301264,
    -0.128353642924,
    -0.1282653893,
    -0.126768459389,
    -0.126067708095,
    -0.125209842925,
    -0.124064623863,
    -0.124015508779,
    -0.123135050161,
    -0.122404717235,
    -0.120712910372,
    -0.120274826825,
    -0.115405689699,
    -0.11534798586
  ],
  "max_abs": 1.1560568436411636,
  "cert_found": true,
  "cert_bt": -37
}
