{"retained_argv": ["/usr/bin/python3", "<source>/existing/dsjc1000/solve_conditional_lp.py", "--sets", "<run>/jobs/dsjc1000.reconstruct/attempt-001/out/sets", "--scenario", "011", "--out-root", "<run>/jobs/dsjc1000.lp.011/attempt-001/out", "--time-limit", "0"]}
{"stage": "built", "scenario": "011", "k": 2, "eligible_sets": 250947, "variables": 253202, "constraints": 993, "nnz": 1488399, "constant": 18}
Running HiGHS 1.8.0 (git hash: 222cce7): Copyright (c) 2024 HiGHS under MIT licence terms
Coefficient ranges:
  Matrix [1e+00, 1e+00]
  Cost   [3e+00, 1e+03]
  Bound  [1e+00, 1e+00]
  RHS    [1e+00, 1e+00]
Presolving model
993 rows, 253202 cols, 1488399 nonzeros  0s
993 rows, 253202 cols, 1488399 nonzeros  0s
Presolve : Reductions: rows 993(-0); columns 253202(-0); elements 1488399(-0) - Not reduced
Problem not reduced by presolve: solving the LP
Using EKK dual simplex solver - serial
  Iteration        Objective     Infeasibilities num(sum)
          0     0.0000000000e+00 Pr: 988(988) 1s
       3589     3.4830163083e+03 Pr: 177(7996) 6s
       5342     4.8793541016e+03 Pr: 216(8286.33) 11s
       6640     5.8367340438e+03 Pr: 218(73544.4) 17s
       7884     6.4023763575e+03 Pr: 202(13549.3) 22s
       8913     6.6689254589e+03 Pr: 252(147265) 27s
      10224     7.3268267642e+03 Pr: 252(48984.8) 32s
      11372     1.0008411937e+05 Pr: 254(3.23702e+07) 38s
      12394     1.0008528553e+05 Pr: 252(4.80942e+06) 43s
      13449     1.0008538982e+05 Pr: 239(1.83343e+06) 49s
      14393     1.0008541970e+05 Pr: 229(912388) 54s
      15595     1.0008542459e+05 Pr: 229(511927) 59s
      16855     1.0008542582e+05 Pr: 224(3.83454e+06) 64s
      17951     1.0008542740e+05 Pr: 257(173166) 69s
      19088     1.0008542820e+05 Pr: 239(340778) 74s
      20264     1.0008542874e+05 Pr: 265(313462) 79s
      21488     1.0008542905e+05 Pr: 251(42220.7); Du: 0(9.13832e-10) 85s
      22623     1.0008542922e+05 Pr: 288(36301.5) 90s
      23860     1.0008542931e+05 Pr: 258(43657.7) 95s
      25118     1.0008542950e+05 Pr: 267(986411); Du: 0(7.06731e-10) 100s
      26265     1.0008542961e+05 Pr: 300(2.12894e+06) 105s
      27452     1.0008542970e+05 Pr: 270(566182) 111s
      28494     1.0008542977e+05 Pr: 260(693776) 116s
      29623     1.0008542981e+05 Pr: 301(19472) 121s
      30771     1.0008542983e+05 Pr: 317(20465.5) 127s
      31776     1.0008542985e+05 Pr: 280(16512.9) 132s
      32730     1.0008542987e+05 Pr: 298(64708.9) 137s
      33886     1.0008542992e+05 Pr: 290(20606.1) 142s
      34984     1.0008542993e+05 Pr: 297(142924) 147s
      36044     1.0008542995e+05 Pr: 311(541307) 153s
      37057     1.0008542996e+05 Pr: 348(562434) 158s
      38095     1.0008542998e+05 Pr: 324(123388) 164s
      39086     1.0008542999e+05 Pr: 308(1.25238e+06) 169s
      40121     1.0008543000e+05 Pr: 329(22531.3); Du: 0(9.86356e-10) 174s
      41047     1.0008543001e+05 Pr: 289(28732.9); Du: 0(9.86385e-10) 179s
      42052     1.0008543002e+05 Pr: 297(32432.3); Du: 0(9.86356e-10) 185s
      43119     1.0008543005e+05 Pr: 289(594163); Du: 0(9.33195e-10) 190s
      44168     1.0008543006e+05 Pr: 327(108376); Du: 0(1.08993e-10) 195s
      45226     1.0008543009e+05 Pr: 260(46055.6); Du: 0(1.08766e-10) 200s
      46298     1.0008543009e+05 Pr: 337(78106) 206s
      47256     1.0008543011e+05 Pr: 325(52582.5) 211s
      48235     1.0008543012e+05 Pr: 379(249963) 216s
      49180     1.0008543012e+05 Pr: 378(59090.7) 221s
      50025     1.0008543013e+05 Pr: 311(3566.49) 226s
      50938     1.0008543013e+05 Pr: 259(16844.1) 231s
      51900     1.0008543014e+05 Pr: 392(78945.7) 236s
      52756     1.0008543015e+05 Pr: 255(6715.48) 242s
      53646     1.0008543017e+05 Pr: 298(393015) 247s
      54723     1.0008543018e+05 Pr: 300(58366.1); Du: 0(2.10799e-09) 252s
      55596     1.0008543019e+05 Pr: 363(92162.3); Du: 0(1.21732e-09) 257s
      56593     1.0008543020e+05 Pr: 322(34403.8); Du: 0(1.38552e-09) 263s
      57552     1.0008543021e+05 Pr: 369(41852); Du: 0(1.16869e-09) 268s
      58487     1.0008543023e+05 Pr: 337(57802.4); Du: 0(2.05691e-10) 273s
      59627     1.0008543026e+05 Pr: 353(10931.8); Du: 0(5.70439e-13) 278s
      60779     1.0008543030e+05 Pr: 375(532199); Du: 0(1.12183e-09) 284s
      61824     1.0008543031e+05 Pr: 379(669853); Du: 0(4.06843e-10) 289s
      63004     1.0008543033e+05 Pr: 338(29837.3); Du: 0(4.32428e-11) 294s
      64045     1.0008543034e+05 Pr: 297(5489.63) 299s
      65060     1.0008543035e+05 Pr: 257(26867.6) 304s
      66051     1.0008543037e+05 Pr: 298(718192) 309s
      67182     1.0008543040e+05 Pr: 323(14243.8) 315s
      68307     1.0008543042e+05 Pr: 369(119966); Du: 0(5.7203e-10) 320s
      69383     1.0008543044e+05 Pr: 303(60768.8); Du: 0(5.71917e-10) 325s
      70436     1.0008543045e+05 Pr: 381(2.02377e+06); Du: 0(5.72002e-10) 330s
      71462     1.0008543046e+05 Pr: 346(34376.5); Du: 0(5.7203e-10) 335s
      72539     1.0008543048e+05 Pr: 333(24687.1); Du: 0(1.51153e-09) 340s
      73665     1.0008543051e+05 Pr: 366(868853); Du: 0(5.53855e-10) 346s
      74589     1.0008543055e+05 Pr: 337(68963.8); Du: 0(5.53855e-10) 351s
      75818     1.0008543059e+05 Pr: 318(676872) 356s
      77015     1.0008543066e+05 Pr: 310(63822) 361s
      78709     1.0099243405e+05 Pr: 247(19094.5); Du: 0(4.34932e-10) 366s
      79880     1.0124671185e+05 Pr: 261(61754.1) 371s
      80927     1.0137652998e+05 Pr: 430(363148) 377s
      81948     1.0143449491e+05 Pr: 196(17560.6) 382s
      82870     1.0149656142e+05 Pr: 184(30057.8) 388s
      83733     1.0152548527e+05 Pr: 316(3491.84); Du: 0(2.12746e-12) 393s
      84648     1.0157626022e+05 Pr: 162(1626.04) 398s
      85515     1.0163993333e+05 Pr: 379(6083.09) 403s
      86474     1.0172529592e+05 Pr: 260(19576.6); Du: 0(4.43753e-10) 408s
      87380     1.0176350650e+05 Pr: 206(2011.05) 413s
      88291     1.0181273998e+05 Pr: 176(2237.24) 419s
      89217     1.0189156178e+05 Pr: 366(7235.76) 424s
      90208     1.0198576620e+05 Pr: 322(10497.1) 430s
      91176     1.0202081273e+05 Pr: 287(3105.49) 435s
      92006     1.0202620876e+05 Pr: 186(4977.74) 440s
      92926     1.0209482630e+05 Pr: 317(3328.86); Du: 0(9.56987e-10) 445s
      93882     1.0212842595e+05 Pr: 276(6857.23) 451s
      94776     1.0214221622e+05 Pr: 169(3634.57) 456s
      95651     1.0216472609e+05 Pr: 130(5215.83) 461s
      96534     1.0217231443e+05 Pr: 165(12275.7); Du: 0(1.02484e-10) 467s
      97294     1.0217589082e+05 Pr: 108(1123.37); Du: 0(6.07359e-10) 472s
      98183     1.0220947186e+05 Pr: 218(10310.3) 477s
      99010     1.0221145441e+05 Pr: 172(624.212); Du: 0(9.95945e-10) 483s
      99861     1.0221171248e+05 Pr: 110(30934.2); Du: 0(3.15228e-10) 488s
     100609     1.0221171248e+05 Pr: 134(2046.06); Du: 0(3.72484e-10) 493s
     101452     1.0224533908e+05 Pr: 246(1430.09); Du: 0(9.83537e-10) 499s
     102285     1.0225803012e+05 Pr: 167(1601.41); Du: 0(9.83537e-10) 504s
     103112     1.0229435600e+05 Pr: 374(13835.8) 509s
     104058     1.0231877111e+05 Pr: 144(2142.86) 514s
     104939     1.0232287455e+05 Pr: 188(1847.98); Du: 0(4.35754e-10) 520s
     105789     1.0232718134e+05 Pr: 137(1159.07) 526s
     106575     1.0232718135e+05 Pr: 107(899.204) 531s
     107431     1.0234007060e+05 Pr: 248(1067.85) 536s
     108327     1.0234634853e+05 Pr: 160(1109.19) 542s
     109130     1.0234726263e+05 Pr: 283(24062.4) 547s
     109919     1.0235103403e+05 Pr: 170(25585.7) 552s
     110673     1.0235194253e+05 Pr: 170(583.872); Du: 0(8.62243e-10) 557s
     111425     1.0235228256e+05 Pr: 159(350.149); Du: 0(2.04613e-10) 562s
     112237     1.0235241747e+05 Pr: 159(368.775) 568s
     113018     1.0235241748e+05 Pr: 158(1992.79) 573s
     113803     1.0236100332e+05 Pr: 174(287.4) 578s
     114563     1.0236110798e+05 Pr: 141(937.27) 583s
     115300     1.0236110799e+05 Pr: 159(859.153) 588s
     116057     1.0236110799e+05 Pr: 140(386.622) 594s
     116815     1.0236124054e+05 Pr: 180(1635.31) 599s
     117601     1.0238956051e+05 Pr: 176(1079.91); Du: 0(4.91835e-10) 604s
     118400     1.0238956051e+05 Pr: 151(168.127); Du: 0(6.94385e-10) 609s
     119128     1.0238956051e+05 Pr: 184(922.783) 615s
     119866     1.0238986978e+05 Pr: 201(1748.98) 620s
     120691     1.0239003364e+05 Pr: 148(589.905) 625s
     121533     1.0239003365e+05 Pr: 149(2529.37) 631s
     122357     1.0239003366e+05 Pr: 178(371.92) 637s
     123159     1.0239003367e+05 Pr: 175(562.158) 642s
     123935     1.0239003369e+05 Pr: 190(3904.97) 648s
     124743     1.0239003371e+05 Pr: 167(1402.8) 653s
     125557     1.0239003391e+05 Pr: 183(58266.3) 659s
     126338     1.0239191780e+05 Pr: 191(89078.1) 664s
     127118     1.0239338897e+05 Pr: 199(870.4) 670s
     127851     1.0239436098e+05 Pr: 137(249.194) 675s
     128595     1.0239525117e+05 Pr: 186(999.897); Du: 0(8.89796e-10) 680s
     129353     1.0239629168e+05 Pr: 202(249.77) 685s
     130154     1.0239728567e+05 Pr: 224(998.66) 691s
     130932     1.0239838847e+05 Pr: 260(1513.01) 697s
     131725     1.0239957457e+05 Pr: 141(126.023) 702s
     132520     1.0240184375e+05 Pr: 199(358.867) 708s
     133311     1.0240367308e+05 Pr: 243(562.253) 714s
     134105     1.0240475767e+05 Pr: 202(361.746) 719s
     134894     1.0240602566e+05 Pr: 257(2888.11) 725s
     135717     1.0240795949e+05 Pr: 290(968.979) 731s
     136463     1.0240893566e+05 Pr: 177(78.2422) 736s
     137191     1.0240992011e+05 Pr: 339(811.067) 741s
     137911     1.0241070084e+05 Pr: 256(345.107) 746s
     138628     1.0241136129e+05 Pr: 278(305.338) 752s
     139349     1.0241219782e+05 Pr: 242(192.99) 757s
     140055     1.0241279488e+05 Pr: 214(99.1402) 762s
     140800     1.0241354262e+05 Pr: 220(103.158) 767s
     141565     1.0241416978e+05 Pr: 116(19.4293) 773s
     142357     1.0241459428e+05 Pr: 242(115.481) 779s
     143167     1.0241495592e+05 Pr: 81(7.24862) 784s
     143858     1.0241471333e+05 Pr: 0(0) 789s
Model status        : Optimal
Simplex   iterations: 143858
Objective value     :  1.0241471333e+05
Relative P-D gap    :  1.0940786105e-14
HiGHS run time      :        789.47
{"numerical_runtime": {"python": "3.10.12 (main, Aug 31 2026, 10:18:17) [GCC 11.4.0]", "numpy": "1.26.4", "scipy": "1.15.3", "HiGHS_version": "1.8.0", "actual_HiGHS_threads": 1, "post_solve_tid_affinities": {"749669": [6]}, "worker_tid_limit": 1, "actual_native_limits": {"threads": 1, "time_limit": "infinity", "mip_max_nodes": 2147483647, "simplex_iteration_limit": 2147483647, "ipm_iteration_limit": 2147483647}}}
FINAL {
  "schema": "dsjc1000_conditional_lp_numerical_v1",
  "scenario": "011",
  "selected_top_classes": [
    [
      76,
      145,
      184,
      672,
      793,
      805
    ],
    [
      129,
      150,
      181,
      321,
      456,
      762
    ]
  ],
  "k": 2,
  "residual_vertices": 988,
  "eligible_sets": 250947,
  "variables": 253202,
  "constraints": 993,
  "nonzeros": 1488399,
  "constant": 18,
  "status": 0,
  "success": true,
  "message": "Optimization terminated successfully. (HiGHS Status 7: Optimal)",
  "variable_objective": 102414.71333270163,
  "total_objective": 102432.71333270163,
  "iterations": 143858,
  "timing_seconds": {
    "load_filter": 0.45923052867874503,
    "build": 0.7616948774084449,
    "solve": 790.5009093875997,
    "total": 791.7218347936869
  },
  "peak_rss_kib": 514452,
  "scipy": "1.15.3",
  "q_residual_by_threshold": [
    215.90170167368717,
    214.32665257027008,
    212.9999999999983,
    207.9999999999994,
    136.77164575603723
  ],
  "x_positive": 978
}
