{"retained_argv": ["/usr/bin/python3", "<source>/existing/dsjc1000/solve_conditional_lp.py", "--sets", "<run>/jobs/dsjc1000.reconstruct/attempt-001/out/sets", "--scenario", "010", "--out-root", "<run>/jobs/dsjc1000.lp.010/attempt-001/out", "--time-limit", "0"]}
{"stage": "built", "scenario": "010", "k": 1, "eligible_sets": 255673, "variables": 257941, "constraints": 999, "nnz": 1517814, "constant": 6}
Running HiGHS 1.8.0 (git hash: 222cce7): Copyright (c) 2024 HiGHS under MIT licence terms
Coefficient ranges:
  Matrix [1e+00, 1e+00]
  Cost   [2e+00, 1e+03]
  Bound  [1e+00, 1e+00]
  RHS    [1e+00, 1e+00]
Presolving model
999 rows, 257941 cols, 1517814 nonzeros  0s
999 rows, 257941 cols, 1517814 nonzeros  0s
Presolve : Reductions: rows 999(-0); columns 257941(-0); elements 1517814(-0) - Not reduced
Problem not reduced by presolve: solving the LP
Using EKK dual simplex solver - serial
  Iteration        Objective     Infeasibilities num(sum)
          0     0.0000000000e+00 Pr: 994(994) 1s
       2755     2.4356784285e+03 Pr: 200(10986.8) 6s
       4190     3.2840156950e+03 Pr: 235(55680.6) 12s
       5475     4.0158449409e+03 Pr: 220(14201.3) 17s
       6451     1.0029528822e+05 Pr: 234(1.40854e+06) 22s
       7382     1.0029540159e+05 Pr: 283(592140); Du: 0(4.4817e-10) 27s
       8443     1.0029541940e+05 Pr: 238(372738); Du: 0(5.47865e-10) 32s
      10391     1.0066715279e+05 Pr: 293(12600.8); Du: 0(5.47808e-10) 38s
      11683     1.0117672911e+05 Pr: 298(34382.3) 43s
      12763     1.0143591100e+05 Pr: 413(70914.4) 48s
      13749     1.0154067196e+05 Pr: 377(86609.1) 53s
      14695     1.0164147934e+05 Pr: 319(4235.5) 59s
      15589     1.0170822070e+05 Pr: 241(9422.98) 64s
      16469     1.0177384445e+05 Pr: 406(67510.5) 69s
      17412     1.0183083234e+05 Pr: 241(21811.5); Du: 0(3.75206e-12) 75s
      18338     1.0187527342e+05 Pr: 203(9256.43) 80s
      19205     1.0190523018e+05 Pr: 414(34344) 86s
      20126     1.0195339534e+05 Pr: 212(10463.6) 91s
      21038     1.0203777503e+05 Pr: 341(11747.5) 97s
      21973     1.0212046765e+05 Pr: 383(7336.5) 102s
      22873     1.0217576889e+05 Pr: 407(14328.9) 107s
      23717     1.0220850922e+05 Pr: 328(1640.62) 112s
      24656     1.0225620301e+05 Pr: 185(7727.61) 118s
      25580     1.0227509660e+05 Pr: 232(25504.3) 123s
      26408     1.0230299063e+05 Pr: 168(27422); Du: 0(5.81973e-10) 129s
      27237     1.0230870534e+05 Pr: 178(950.736) 134s
      28005     1.0231135275e+05 Pr: 188(693.687) 139s
      28927     1.0234672235e+05 Pr: 219(2126.33) 144s
      29794     1.0235314536e+05 Pr: 182(1065.6); Du: 0(9.27285e-10) 150s
      30639     1.0236924962e+05 Pr: 353(4244.84) 155s
      31492     1.0237098395e+05 Pr: 150(8667.53) 160s
      32421     1.0239737495e+05 Pr: 215(16861.6); Du: 0(5.47335e-10) 166s
      33299     1.0240016173e+05 Pr: 149(12919.7) 172s
      34073     1.0240016728e+05 Pr: 160(17694.6) 177s
      34900     1.0240247857e+05 Pr: 274(6400.77) 183s
      35694     1.0240347395e+05 Pr: 135(3424.47); Du: 0(3.49982e-10) 188s
      36503     1.0240682212e+05 Pr: 168(1789.23) 193s
      37345     1.0244467480e+05 Pr: 430(25659.3) 199s
      38237     1.0246015579e+05 Pr: 163(1323.68) 204s
      39044     1.0246015579e+05 Pr: 136(2524.7) 210s
      39911     1.0246779049e+05 Pr: 193(3136.52); Du: 0(1.02445e-10) 216s
      40657     1.0246783857e+05 Pr: 159(941.435); Du: 0(5.28154e-10) 221s
      41400     1.0246783858e+05 Pr: 131(489.221) 226s
      42134     1.0246784977e+05 Pr: 140(393.156) 231s
      42907     1.0247742806e+05 Pr: 396(71036); Du: 0(4.62463e-10) 236s
      43784     1.0249606223e+05 Pr: 133(1268.55) 242s
      44599     1.0249649600e+05 Pr: 156(4468.44) 247s
      45394     1.0250838597e+05 Pr: 227(3401.96) 253s
      46190     1.0251145223e+05 Pr: 146(2097.32) 258s
      46970     1.0251152609e+05 Pr: 155(549.437) 263s
      47818     1.0251577419e+05 Pr: 172(1701.05) 269s
      48604     1.0251577419e+05 Pr: 135(894.475) 274s
      49367     1.0251578018e+05 Pr: 165(8846.97) 279s
      50161     1.0251635885e+05 Pr: 135(679.39); Du: 0(6.79357e-10) 285s
      50913     1.0251635885e+05 Pr: 176(2960.33) 290s
      51691     1.0251635886e+05 Pr: 152(215.026) 296s
      52458     1.0251675420e+05 Pr: 167(2523.14); Du: 0(5.38613e-12) 301s
      53291     1.0251675475e+05 Pr: 173(9717.36) 307s
      54105     1.0251687343e+05 Pr: 186(468.334); Du: 0(2.38917e-10) 313s
      54942     1.0251688873e+05 Pr: 137(706.598); Du: 0(4.21849e-10) 319s
      55769     1.0251688874e+05 Pr: 148(1594.24) 325s
      56489     1.0251688875e+05 Pr: 155(4595.04) 330s
      57284     1.0251688876e+05 Pr: 157(690.88) 335s
      58048     1.0251688877e+05 Pr: 160(3085.2); Du: 0(5.9752e-10) 341s
      58822     1.0251688879e+05 Pr: 151(1919.98) 346s
      59596     1.0252158592e+05 Pr: 202(16378.1) 351s
      60409     1.0252316619e+05 Pr: 154(13130.2) 357s
      61217     1.0252433785e+05 Pr: 292(4129.76) 362s
      61968     1.0252604684e+05 Pr: 186(7191.83) 368s
      62699     1.0252811329e+05 Pr: 193(1173.72) 373s
      63430     1.0252968728e+05 Pr: 161(1021.85) 378s
      64211     1.0253074113e+05 Pr: 192(3632.65) 384s
      64981     1.0253180913e+05 Pr: 169(898.806) 389s
      65698     1.0253291402e+05 Pr: 213(1719.34) 395s
      66509     1.0253474487e+05 Pr: 204(913.967) 400s
      67286     1.0253661236e+05 Pr: 190(619.028) 406s
      68093     1.0253792956e+05 Pr: 211(8640.94) 412s
      68810     1.0253859104e+05 Pr: 166(148.187) 417s
      69606     1.0253999248e+05 Pr: 237(6731.24) 423s
      70322     1.0254100582e+05 Pr: 270(5145.29) 428s
      71062     1.0254180309e+05 Pr: 226(380.365) 433s
      71770     1.0254275316e+05 Pr: 250(1258.14) 438s
      72503     1.0254335315e+05 Pr: 174(69.4446) 444s
      73330     1.0254455635e+05 Pr: 167(84.0572) 449s
      74037     1.0254535748e+05 Pr: 209(988.826) 454s
      74785     1.0254598583e+05 Pr: 169(58.0795) 460s
      75526     1.0254664649e+05 Pr: 288(415.499) 465s
      76283     1.0254719689e+05 Pr: 132(57.7818) 470s
      77044     1.0254771198e+05 Pr: 191(106.508) 476s
      77816     1.0254815269e+05 Pr: 125(28.4018) 481s
      78570     1.0254869982e+05 Pr: 165(38.2409) 487s
      79334     1.0254946489e+05 Pr: 255(211.987) 492s
      80103     1.0255000867e+05 Pr: 411(1495.98) 498s
      80883     1.0255060762e+05 Pr: 162(27.392) 504s
      81686     1.0255131510e+05 Pr: 258(135.985) 510s
      82368     1.0255177520e+05 Pr: 89(7.57403) 515s
      83081     1.0255201757e+05 Pr: 14(0.0824635) 520s
      83101     1.0255158539e+05 Pr: 0(0); Du: 0(5.68434e-14) 520s
Model status        : Optimal
Simplex   iterations: 83101
Objective value     :  1.0255158539e+05
Relative P-D gap    :  1.4189849112e-15
HiGHS run time      :        520.15
{"numerical_runtime": {"python": "3.10.12 (main, Aug 31 2026, 10:18:17) [GCC 11.4.0]", "numpy": "1.26.4", "scipy": "1.15.3", "HiGHS_version": "1.8.0", "actual_HiGHS_threads": 1, "post_solve_tid_affinities": {"747358": [6]}, "worker_tid_limit": 1, "actual_native_limits": {"threads": 1, "time_limit": "infinity", "mip_max_nodes": 2147483647, "simplex_iteration_limit": 2147483647, "ipm_iteration_limit": 2147483647}}}
FINAL {
  "schema": "dsjc1000_conditional_lp_numerical_v1",
  "scenario": "010",
  "selected_top_classes": [
    [
      76,
      145,
      184,
      672,
      793,
      805
    ]
  ],
  "k": 1,
  "residual_vertices": 994,
  "eligible_sets": 255673,
  "variables": 257941,
  "constraints": 999,
  "nonzeros": 1517814,
  "constant": 6,
  "status": 0,
  "success": true,
  "message": "Optimization terminated successfully. (HiGHS Status 7: Optimal)",
  "variable_objective": 102551.585387555,
  "total_objective": 102557.585387555,
  "iterations": 83101,
  "timing_seconds": {
    "load_filter": 0.46372611075639725,
    "build": 0.9289112850092351,
    "solve": 521.1586395809427,
    "total": 522.5512769767083
  },
  "peak_rss_kib": 520896,
  "scipy": "1.15.3",
  "q_residual_by_threshold": [
    216.57250183855783,
    215.62590156461323,
    213.99999999999972,
    208.85336890960468,
    138.948227687224
  ],
  "x_positive": 984
}
