{"retained_argv": ["/usr/bin/python3", "<source>/existing/dsjc1000/solve_conditional_lp.py", "--sets", "<run>/jobs/dsjc1000.reconstruct/attempt-001/out/sets", "--scenario", "001", "--out-root", "<run>/jobs/dsjc1000.lp.001/attempt-001/out", "--time-limit", "0"]}
{"stage": "built", "scenario": "001", "k": 1, "eligible_sets": 255871, "variables": 258139, "constraints": 999, "nnz": 1519092, "constant": 6}
Running HiGHS 1.8.0 (git hash: 222cce7): Copyright (c) 2024 HiGHS under MIT licence terms
Coefficient ranges:
  Matrix [1e+00, 1e+00]
  Cost   [2e+00, 1e+03]
  Bound  [1e+00, 1e+00]
  RHS    [1e+00, 1e+00]
Presolving model
999 rows, 258139 cols, 1519092 nonzeros  0s
999 rows, 258139 cols, 1519092 nonzeros  0s
Presolve : Reductions: rows 999(-0); columns 258139(-0); elements 1519092(-0) - Not reduced
Problem not reduced by presolve: solving the LP
Using EKK dual simplex solver - serial
  Iteration        Objective     Infeasibilities num(sum)
          0     0.0000000000e+00 Pr: 994(994) 1s
       1814     1.1690058836e+03 Pr: 259(6649.5); Du: 0(1.12219e-09) 6s
       3795     2.4519777088e+03 Pr: 244(49266.6); Du: 0(8.40918e-10) 11s
       5270     3.2586645153e+03 Pr: 208(5285.3) 17s
       6696     4.0503991314e+03 Pr: 223(85503.4); Du: 0(2.77327e-15) 22s
       8039     4.7403107843e+03 Pr: 239(7895.96); Du: 0(1.13449e-10) 27s
       9420     5.6687563541e+03 Pr: 204(38802.5) 32s
      10557     6.2429571591e+03 Pr: 203(14864.4) 37s
      11597     1.0029280405e+05 Pr: 219(2.87048e+07) 43s
      12684     1.0029444695e+05 Pr: 231(1.18961e+07) 48s
      13767     1.0029489319e+05 Pr: 201(6.81779e+06) 53s
      15012     1.0029516869e+05 Pr: 154(2.11028e+06) 59s
      15975     1.0029526862e+05 Pr: 197(1.01647e+06) 64s
      17210     1.0029532242e+05 Pr: 226(1.1862e+06); Du: 0(9.30764e-10) 69s
      18608     1.0029533913e+05 Pr: 235(1.28555e+06) 75s
      19738     1.0029537668e+05 Pr: 218(825555) 80s
      20903     1.0029539802e+05 Pr: 228(408963) 85s
      22036     1.0029541452e+05 Pr: 290(125401) 90s
      23382     1.0029542662e+05 Pr: 303(29650.2) 95s
      24457     1.0029543111e+05 Pr: 293(13181.8) 100s
      25663     1.0029543825e+05 Pr: 270(58655.4) 106s
      26686     1.0029544027e+05 Pr: 378(156477) 111s
      27655     1.0029544353e+05 Pr: 397(936284) 116s
      28640     1.0029544624e+05 Pr: 239(203366) 121s
      29726     1.0029545028e+05 Pr: 384(404488) 126s
      30880     1.0029545598e+05 Pr: 421(462630) 132s
      31889     1.0029546262e+05 Pr: 296(502996) 137s
      32896     1.0029548701e+05 Pr: 334(952713) 142s
      33820     1.0029549797e+05 Pr: 394(1.08547e+06) 147s
      34825     1.0029551442e+05 Pr: 418(1.21997e+06) 153s
      35880     1.0029574055e+05 Pr: 381(4.25818e+06) 158s
      36900     1.0029629415e+05 Pr: 342(1.11053e+07) 163s
      37938     1.0037176042e+05 Pr: 300(66927.3) 169s
      39070     1.0051359742e+05 Pr: 293(30727.5) 174s
      40279     1.0146111385e+05 Pr: 298(5.61655e+06) 179s
      41225     1.0158230969e+05 Pr: 200(3.33993e+06) 185s
      42155     1.0163720331e+05 Pr: 371(2.18141e+06) 190s
      43078     1.0172200347e+05 Pr: 410(2.87129e+06) 195s
      43994     1.0175376608e+05 Pr: 401(291936) 200s
      44829     1.0177617816e+05 Pr: 162(375662) 206s
      45751     1.0181160067e+05 Pr: 317(82070.6) 211s
      46658     1.0190466774e+05 Pr: 360(24733.7) 217s
      47599     1.0201062752e+05 Pr: 384(11929.6) 222s
      48502     1.0206222589e+05 Pr: 254(16067.3) 228s
      49325     1.0208478910e+05 Pr: 297(52916.2) 233s
      50199     1.0213110288e+05 Pr: 247(346106) 238s
      51007     1.0213953089e+05 Pr: 185(48030.7) 244s
      51786     1.0214752667e+05 Pr: 296(30647.6); Du: 0(8.56151e-10) 249s
      52612     1.0216063111e+05 Pr: 202(15921.2) 254s
      53416     1.0216600775e+05 Pr: 146(4763.61) 259s
      54268     1.0217785982e+05 Pr: 325(7903.47); Du: 0(6.6614e-10) 264s
      55135     1.0218386313e+05 Pr: 186(2673.08) 270s
      55900     1.0218386637e+05 Pr: 151(1399.54) 275s
      56813     1.0220915890e+05 Pr: 323(2070.67) 281s
      57705     1.0224368478e+05 Pr: 185(5950.93) 286s
      58579     1.0224765140e+05 Pr: 168(9002.51) 292s
      59378     1.0224766123e+05 Pr: 150(6519.88) 297s
      60236     1.0227002845e+05 Pr: 159(1926.5) 303s
      61017     1.0227078645e+05 Pr: 156(1155.88) 308s
      61895     1.0227521686e+05 Pr: 171(1620.56) 314s
      62780     1.0229348352e+05 Pr: 151(21684.1); Du: 0(1.19563e-10) 319s
      63624     1.0231535438e+05 Pr: 162(1708.95) 325s
      64392     1.0231535481e+05 Pr: 139(1635.34) 330s
      65251     1.0231535482e+05 Pr: 149(3767.36); Du: 0(2.00479e-10) 336s
      66048     1.0237185814e+05 Pr: 329(1366.63) 341s
      66904     1.0239968126e+05 Pr: 410(20123.1) 346s
      67702     1.0240353496e+05 Pr: 158(2657.99) 351s
      68573     1.0242670500e+05 Pr: 205(30965.1) 356s
      69405     1.0242751672e+05 Pr: 217(4462.58) 362s
      70238     1.0242903336e+05 Pr: 304(26319.8) 368s
      71069     1.0243085889e+05 Pr: 166(1376.52) 373s
      71860     1.0245757537e+05 Pr: 271(26525.7); Du: 0(9.36544e-10) 378s
      72680     1.0245821002e+05 Pr: 186(1727.65) 384s
      73404     1.0245837786e+05 Pr: 191(15885) 389s
      74211     1.0245837795e+05 Pr: 177(1227.03); Du: 0(9.87093e-10) 395s
      75007     1.0245861791e+05 Pr: 175(11837.5) 400s
      75733     1.0245861792e+05 Pr: 190(1802.59) 405s
      76511     1.0247348820e+05 Pr: 331(1141.75) 411s
      77306     1.0247621038e+05 Pr: 204(5269.32) 416s
      78007     1.0247621040e+05 Pr: 194(902.298) 421s
      78822     1.0247621043e+05 Pr: 205(1155.05) 427s
      79639     1.0247621049e+05 Pr: 183(1220.82) 433s
      80417     1.0247652373e+05 Pr: 204(3269.98) 438s
      81255     1.0247653115e+05 Pr: 181(730965) 444s
      82037     1.0248231865e+05 Pr: 160(26284) 449s
      82763     1.0248473680e+05 Pr: 262(350.758) 454s
      83538     1.0248903585e+05 Pr: 315(4195.06) 460s
      84314     1.0249208668e+05 Pr: 258(155.954) 466s
      84991     1.0249491328e+05 Pr: 224(141.67) 471s
      85657     1.0249745795e+05 Pr: 270(413.989) 476s
      86327     1.0249969643e+05 Pr: 255(191.753) 481s
      87058     1.0250178810e+05 Pr: 247(310.752) 487s
      87768     1.0250340507e+05 Pr: 229(127.296) 492s
      88492     1.0250495855e+05 Pr: 301(277.755) 498s
      89228     1.0250616827e+05 Pr: 182(39.6736) 504s
      89994     1.0250717298e+05 Pr: 113(10.8999) 509s
      90790     1.0250774158e+05 Pr: 86(4.56796) 516s
      90923     1.0250732174e+05 Pr: 0(0) 517s
      90923     1.0250732174e+05 Pr: 0(0) 517s
Model status        : Optimal
Simplex   iterations: 90923
Objective value     :  1.0250732174e+05
Relative P-D gap    :  3.8613055877e-14
HiGHS run time      :        516.63
{"numerical_runtime": {"python": "3.10.12 (main, Aug 31 2026, 10:18:17) [GCC 11.4.0]", "numpy": "1.26.4", "scipy": "1.15.3", "HiGHS_version": "1.8.0", "actual_HiGHS_threads": 1, "post_solve_tid_affinities": {"745356": [6]}, "worker_tid_limit": 1, "actual_native_limits": {"threads": 1, "time_limit": "infinity", "mip_max_nodes": 2147483647, "simplex_iteration_limit": 2147483647, "ipm_iteration_limit": 2147483647}}}
FINAL {
  "schema": "dsjc1000_conditional_lp_numerical_v1",
  "scenario": "001",
  "selected_top_classes": [
    [
      129,
      150,
      181,
      321,
      456,
      762
    ]
  ],
  "k": 1,
  "residual_vertices": 994,
  "eligible_sets": 255871,
  "variables": 258139,
  "constraints": 999,
  "nonzeros": 1519092,
  "constant": 6,
  "status": 0,
  "success": true,
  "message": "Optimization terminated successfully. (HiGHS Status 7: Optimal)",
  "variable_objective": 102507.32173855534,
  "total_objective": 102513.32173855534,
  "iterations": 90923,
  "timing_seconds": {
    "load_filter": 0.4578721271827817,
    "build": 0.7991925277747214,
    "solve": 517.6487991949543,
    "total": 518.9058638499118
  },
  "peak_rss_kib": 523128,
  "scipy": "1.15.3",
  "q_residual_by_threshold": [
    216.5217346696586,
    215.88441420848713,
    213.9936371588565,
    207.99122852046025,
    139.60898544253706
  ],
  "x_positive": 980
}
