{"retained_argv": ["/usr/bin/python3", "<source>/existing/dsjc500/baseline/find_farkas.py", "--graph", "<source>/input/graphs/DSJC500.9.col", "--packing", "5", "--out", "<run>/jobs/dsjc500.farkas.P5/attempt-001/out/farkas101_7_P5.json"]}
{"numerical_runtime": {"python": "3.10.12 (main, Aug 31 2026, 10:18:17) [GCC 11.4.0]", "numpy": "1.26.4", "scipy": "1.15.3", "HiGHS_version": "1.8.0", "actual_HiGHS_threads": 1, "post_solve_tid_affinities": {"732783": [6]}, "worker_tid_limit": 1, "actual_native_limits": {"threads": 1, "time_limit": "infinity", "mip_max_nodes": 2147483647, "simplex_iteration_limit": 2147483647, "ipm_iteration_limit": 2147483647}}}
{
  "packing": 5,
  "status": 0,
  "message": "Optimization terminated successfully. (HiGHS Status 7: Optimal)",
  "seconds": 1.389847164042294,
  "bt": -0.9999999999999796,
  "min_aty": -2.128158760328347e-14,
  "nonzero": 419,
  "distinct_values": [
    -1.510864794209,
    -1.363432037703,
    -1.352617021632,
    -1.279177534417,
    -1.132384359761,
    -1.118324229714,
    -1.105321739442,
    -1.088782075969,
    -1.067680278716,
    -0.9089225701,
    -0.882517679729,
    -0.874903663573,
    -0.873626511114,
    -0.821680325609,
    -0.807678929881,
    -0.745803646641,
    -0.705967385179,
    -0.626085739184,
    -0.604509829422,
    -0.601008422004,
    -0.577580788247,
    -0.575754402949,
    -0.542347727434,
    -0.525233276313,
    -0.517081535656,
    -0.503749321003,
    -0.467259179176,
    -0.46126966658,
    -0.453375473365,
    -0.414542112831,
    -0.407742013178,
    -0.407361248255,
    -0.405221462286,
    -0.400216727887,
    -0.386789560783,
    -0.386592789259,
    -0.384131778637,
    -0.377859870833,
    -0.374401849001,
    -0.361056408825,
    -0.351696702571,
    -0.349385624881,
    -0.342067682116,
    -0.330668784851,
    -0.323354980234,
    -0.317076067909,
    -0.300416361876,
    -0.295055502184,
    -0.294994947601,
    -0.292853265677,
    -0.283220338199,
    -0.280390580031,
    -0.273368943565,
    -0.273314673913,
    -0.273236502811,
    -0.27194385334,
    -0.256659360176,
    -0.252095689127,
    -0.251067427343,
    -0.250601519367,
    -0.248088349998,
    -0.244854328576,
    -0.241847966663,
    -0.240570445239,
    -0.238527008016,
    -0.231342680765,
    -0.223393074301,
    -0.221115663295,
    -0.220131717834,
    -0.218103064731,
    -0.21805969954,
    -0.217772366729,
    -0.215350834363,
    -0.211855789897,
    -0.208537436586,
    -0.205831678581,
    -0.200341899607,
    -0.199386241384,
    -0.194216672444,
    -0.194013653725,
    -0.192344691271,
    -0.191769073062,
    -0.190388223721,
    -0.185943467832,
    -0.185455334626,
    -0.181862721314,
    -0.177421675276,
    -0.176796972033,
    -0.175425917385,
    -0.170047251656,
    -0.166746433596,
    -0.16297341652,
    -0.160255534212,
    -0.1580764273,
    -0.157822363395,
    -0.157814978461,
    -0.153661312748,
    -0.150874886921,
    -0.147511057797,
    -0.144776002878
  ],
  "max_abs": 1.5681297220459447,
  "cert_found": true,
  "cert_bt": -59
}
