{"retained_argv": ["/usr/bin/python3", "<source>/existing/dsjc500/baseline/find_farkas.py", "--graph", "<source>/input/graphs/DSJC500.9.col", "--packing", "3", "--out", "<run>/jobs/dsjc500.farkas.P3/attempt-001/out/farkas101_7_P3.json"]}
{"numerical_runtime": {"python": "3.10.12 (main, Aug 31 2026, 10:18:17) [GCC 11.4.0]", "numpy": "1.26.4", "scipy": "1.15.3", "HiGHS_version": "1.8.0", "actual_HiGHS_threads": 1, "post_solve_tid_affinities": {"732733": [6]}, "worker_tid_limit": 1, "actual_native_limits": {"threads": 1, "time_limit": "infinity", "mip_max_nodes": 2147483647, "simplex_iteration_limit": 2147483647, "ipm_iteration_limit": 2147483647}}}
{
  "packing": 3,
  "status": 0,
  "message": "Optimization terminated successfully. (HiGHS Status 7: Optimal)",
  "seconds": 1.4365639118477702,
  "bt": -0.9999999999999802,
  "min_aty": -1.3766765505351941e-14,
  "nonzero": 420,
  "distinct_values": [
    -0.751923654176,
    -0.671681167676,
    -0.65650823896,
    -0.64468765422,
    -0.62063666136,
    -0.576478948306,
    -0.569332090282,
    -0.519679949879,
    -0.479960027741,
    -0.476665703804,
    -0.433900443353,
    -0.432926728491,
    -0.428029213158,
    -0.407111118003,
    -0.40412497936,
    -0.394551939131,
    -0.384572792371,
    -0.325689673737,
    -0.313306088189,
    -0.303518395233,
    -0.297910949782,
    -0.287147100588,
    -0.259663505828,
    -0.254227446237,
    -0.252128381717,
    -0.24550316047,
    -0.24111913304,
    -0.239879169219,
    -0.239471720305,
    -0.239256520082,
    -0.230562532727,
    -0.225940512095,
    -0.213900738287,
    -0.209574666007,
    -0.194547921325,
    -0.176752311457,
    -0.175345714339,
    -0.173001663239,
    -0.16559218935,
    -0.165045396834,
    -0.163491215972,
    -0.1624231526,
    -0.16233908421,
    -0.159685305377,
    -0.158785870854,
    -0.156952229761,
    -0.153368765391,
    -0.15268541368,
    -0.152487906031,
    -0.151007096752,
    -0.150332636003,
    -0.149131756957,
    -0.145630850639,
    -0.141834169336,
    -0.14160884783,
    -0.141010917634,
    -0.136326702564,
    -0.134439094826,
    -0.134411086555,
    -0.127293684278,
    -0.126244374059,
    -0.125989202266,
    -0.124355471703,
    -0.120416709553,
    -0.11894626571,
    -0.116561573211,
    -0.114870569029,
    -0.109535075187,
    -0.109136801353,
    -0.108472547233,
    -0.108336698249,
    -0.107094038413,
    -0.106594865326,
    -0.103934329026,
    -0.103626739855,
    -0.10308187813,
    -0.102969149458,
    -0.102938466891,
    -0.102782590492,
    -0.09692883824,
    -0.093835135427,
    -0.091704727001,
    -0.090564509417,
    -0.08971884898,
    -0.085870591623,
    -0.085734721342,
    -0.084254780937,
    -0.081954480449,
    -0.081686895222,
    -0.081441124693,
    -0.079445045296,
    -0.079307667572,
    -0.079125742172,
    -0.07828965221,
    -0.077614427869,
    -0.076361720988,
    -0.076317875785,
    -0.072801100983,
    -0.072249344183,
    -0.072214764451
  ],
  "max_abs": 0.7881369883373439,
  "cert_found": true,
  "cert_bt": -54
}
