{"retained_argv": ["/usr/bin/python3", "<source>/existing/dsjc500/baseline/find_farkas.py", "--graph", "<source>/input/graphs/DSJC500.9.col", "--packing", "8", "--out", "<run>/jobs/dsjc500.farkas.P8/attempt-001/out/farkas101_7_P8.json"]}
{"numerical_runtime": {"python": "3.10.12 (main, Aug 31 2026, 10:18:17) [GCC 11.4.0]", "numpy": "1.26.4", "scipy": "1.15.3", "HiGHS_version": "1.8.0", "actual_HiGHS_threads": 1, "post_solve_tid_affinities": {"732965": [6]}, "worker_tid_limit": 1, "actual_native_limits": {"threads": 1, "time_limit": "infinity", "mip_max_nodes": 2147483647, "simplex_iteration_limit": 2147483647, "ipm_iteration_limit": 2147483647}}}
{
  "packing": 8,
  "status": 0,
  "message": "Optimization terminated successfully. (HiGHS Status 7: Optimal)",
  "seconds": 1.3436303678900003,
  "bt": -1.000000000000003,
  "min_aty": -6.611031166947612e-15,
  "nonzero": 411,
  "distinct_values": [
    -0.759939156975,
    -0.721321990601,
    -0.72099358143,
    -0.720698544906,
    -0.714628407374,
    -0.709894899183,
    -0.707476886317,
    -0.662659907808,
    -0.639191261524,
    -0.607122285062,
    -0.544285937655,
    -0.514945800923,
    -0.481166170676,
    -0.44965471048,
    -0.40318034863,
    -0.382036463964,
    -0.380222953455,
    -0.376799950637,
    -0.375585050292,
    -0.375271826015,
    -0.365913129332,
    -0.357485417908,
    -0.342147840547,
    -0.331184117999,
    -0.252023562527,
    -0.247043842805,
    -0.242506211471,
    -0.236898294933,
    -0.225611906381,
    -0.221348332221,
    -0.220197317868,
    -0.214618424976,
    -0.213633247944,
    -0.211757745636,
    -0.211180483611,
    -0.20512735786,
    -0.199059475713,
    -0.198115656359,
    -0.194580324266,
    -0.191653301674,
    -0.190067663954,
    -0.174422858165,
    -0.16274412733,
    -0.160637411776,
    -0.15948314144,
    -0.154007760097,
    -0.152321220768,
    -0.151056263427,
    -0.147620605513,
    -0.144269777507,
    -0.141298872697,
    -0.140838242793,
    -0.13920624242,
    -0.137907252365,
    -0.137859917528,
    -0.132925310584,
    -0.127056271805,
    -0.125905456744,
    -0.121315575989,
    -0.119843139523,
    -0.119186704131,
    -0.11889816879,
    -0.115906766183,
    -0.112559994194,
    -0.111974858474,
    -0.111815577382,
    -0.108590289779,
    -0.108105289195,
    -0.106626084891,
    -0.105353222697,
    -0.10238094287,
    -0.102219154529,
    -0.099794288856,
    -0.097208896871,
    -0.096381567601,
    -0.095569987373,
    -0.093685012967,
    -0.09171113342,
    -0.091294420572,
    -0.090961881971,
    -0.090783024389,
    -0.090477956006,
    -0.081220392519,
    -0.081172364523,
    -0.080136263686,
    -0.078661338749,
    -0.07805613151,
    -0.075638244603,
    -0.073786655469,
    -0.073396530137,
    -0.073284595836,
    -0.071738140652,
    -0.070758696515,
    -0.070085400084,
    -0.069694097052,
    -0.068645853562,
    -0.068532986392,
    -0.068467037014,
    -0.067774517444,
    -0.067379106114
  ],
  "max_abs": 0.8477548167110043,
  "cert_found": true,
  "cert_bt": -33
}
